Component: ARM Compiler 5.06 update 6 (build 750) Tool: armlink [4d35ed]

==============================================================================

Section Cross References

    main.o(i.Keyprocess_task) refers to _printf_percent.o(.ARM.Collect$$_printf_percent$$00000000) for _printf_percent
    main.o(i.Keyprocess_task) refers to _printf_d.o(.ARM.Collect$$_printf_percent$$00000009) for _printf_d
    main.o(i.Keyprocess_task) refers to _printf_dec.o(.text) for _printf_int_dec
    main.o(i.Keyprocess_task) refers to queue.o(i.xQueueGenericReceive) for xQueueGenericReceive
    main.o(i.Keyprocess_task) refers to lcd.o(i.LCD_Fill) for LCD_Fill
    main.o(i.Keyprocess_task) refers to noretval__2printf.o(.text) for __2printf
    main.o(i.Keyprocess_task) refers to tasks.o(i.vTaskDelay) for vTaskDelay
    main.o(i.Keyprocess_task) refers to main.o(.data) for .data
    main.o(i.Keyprocess_task) refers to main.o(.bss) for .bss
    main.o(i.check_msg_queue) refers to _printf_percent.o(.ARM.Collect$$_printf_percent$$00000000) for _printf_percent
    main.o(i.check_msg_queue) refers to _printf_d.o(.ARM.Collect$$_printf_percent$$00000009) for _printf_d
    main.o(i.check_msg_queue) refers to _printf_dec.o(.text) for _printf_int_dec
    main.o(i.check_msg_queue) refers to port.o(i.vPortEnterCritical) for vPortEnterCritical
    main.o(i.check_msg_queue) refers to queue.o(i.uxQueueSpacesAvailable) for uxQueueSpacesAvailable
    main.o(i.check_msg_queue) refers to queue.o(i.uxQueueMessagesWaiting) for uxQueueMessagesWaiting
    main.o(i.check_msg_queue) refers to malloc.o(i.mymalloc) for mymalloc
    main.o(i.check_msg_queue) refers to noretval__2sprintf.o(.text) for __2sprintf
    main.o(i.check_msg_queue) refers to lcd.o(i.LCD_ShowString) for LCD_ShowString
    main.o(i.check_msg_queue) refers to malloc.o(i.myfree) for myfree
    main.o(i.check_msg_queue) refers to port.o(i.vPortExitCritical) for vPortExitCritical
    main.o(i.check_msg_queue) refers to main.o(.data) for .data
    main.o(i.disp_str) refers to lcd.o(i.LCD_Fill) for LCD_Fill
    main.o(i.disp_str) refers to lcd.o(i.LCD_ShowString) for LCD_ShowString
    main.o(i.freertos_load_main_ui) refers to lcd.o(i.LCD_ShowString) for LCD_ShowString
    main.o(i.freertos_load_main_ui) refers to lcd.o(i.LCD_DrawLine) for LCD_DrawLine
    main.o(i.freertos_load_main_ui) refers to lcd.o(i.LCD_DrawRectangle) for LCD_DrawRectangle
    main.o(i.freertos_load_main_ui) refers to lcd.o(.data) for POINT_COLOR
    main.o(i.main) refers to misc.o(i.NVIC_PriorityGroupConfig) for NVIC_PriorityGroupConfig
    main.o(i.main) refers to delay.o(i.delay_init) for delay_init
    main.o(i.main) refers to usart.o(i.uart_init) for uart_init
    main.o(i.main) refers to led.o(i.LED_Init) for LED_Init
    main.o(i.main) refers to key.o(i.KEY_Init) for KEY_Init
    main.o(i.main) refers to beep.o(i.BEEP_Init) for BEEP_Init
    main.o(i.main) refers to lcd.o(i.LCD_Init) for LCD_Init
    main.o(i.main) refers to timer.o(i.TIM9_Int_Init) for TIM9_Int_Init
    main.o(i.main) refers to malloc.o(i.my_mem_init) for my_mem_init
    main.o(i.main) refers to main.o(i.freertos_load_main_ui) for freertos_load_main_ui
    main.o(i.main) refers to tasks.o(i.xTaskCreate) for xTaskCreate
    main.o(i.main) refers to tasks.o(i.vTaskStartScheduler) for vTaskStartScheduler
    main.o(i.main) refers to main.o(.data) for .data
    main.o(i.main) refers to main.o(i.start_task) for start_task
    main.o(i.start_task) refers to port.o(i.vPortEnterCritical) for vPortEnterCritical
    main.o(i.start_task) refers to queue.o(i.xQueueGenericCreate) for xQueueGenericCreate
    main.o(i.start_task) refers to tasks.o(i.xTaskCreate) for xTaskCreate
    main.o(i.start_task) refers to tasks.o(i.vTaskDelete) for vTaskDelete
    main.o(i.start_task) refers to port.o(i.vPortExitCritical) for vPortExitCritical
    main.o(i.start_task) refers to main.o(.data) for .data
    main.o(i.start_task) refers to main.o(i.task1_task) for task1_task
    main.o(i.start_task) refers to main.o(i.task2_task) for task2_task
    main.o(i.start_task) refers to main.o(i.Keyprocess_task) for Keyprocess_task
    main.o(i.task1_task) refers to key.o(i.KEY_Scan) for KEY_Scan
    main.o(i.task1_task) refers to queue.o(i.xQueueGenericSend) for xQueueGenericSend
    main.o(i.task1_task) refers to noretval__2printf.o(.text) for __2printf
    main.o(i.task1_task) refers to main.o(i.check_msg_queue) for check_msg_queue
    main.o(i.task1_task) refers to tasks.o(i.vTaskDelay) for vTaskDelay
    main.o(i.task1_task) refers to main.o(.bss) for .bss
    main.o(i.task1_task) refers to main.o(.data) for .data
    main.o(i.task2_task) refers to tasks.o(i.vTaskDelay) for vTaskDelay
    system_stm32f4xx.o(i.SystemCoreClockUpdate) refers to system_stm32f4xx.o(.data) for .data
    system_stm32f4xx.o(i.SystemInit) refers to system_stm32f4xx.o(i.SetSysClock) for SetSysClock
[...]
    i.pvPortMalloc                           0x08006110   Section        0  heap_4.o(i.pvPortMalloc)
    i.pvTaskIncrementMutexHeldCount          0x08006224   Section        0  tasks.o(i.pvTaskIncrementMutexHeldCount)
    i.pxPortInitialiseStack                  0x0800623c   Section        0  port.o(i.pxPortInitialiseStack)
    i.start_task                             0x08006268   Section        0  main.o(i.start_task)
    i.task1_task                             0x08006310   Section        0  main.o(i.task1_task)
    i.task2_task                             0x080063bc   Section        0  main.o(i.task2_task)
    i.uart_init                              0x080063c8   Section        0  usart.o(i.uart_init)
    i.uxListRemove                           0x08006474   Section        0  list.o(i.uxListRemove)
    i.uxQueueMessagesWaiting                 0x08006498   Section        0  queue.o(i.uxQueueMessagesWaiting)
    i.uxQueueSpacesAvailable                 0x080064dc   Section        0  queue.o(i.uxQueueSpacesAvailable)
    i.vListInitialise                        0x08006524   Section        0  list.o(i.vListInitialise)
    i.vListInitialiseItem                    0x0800653a   Section        0  list.o(i.vListInitialiseItem)
    i.vListInsert                            0x08006540   Section        0  list.o(i.vListInsert)
    i.vListInsertEnd                         0x08006570   Section        0  list.o(i.vListInsertEnd)
    i.vPortEnterCritical                     0x08006588   Section        0  port.o(i.vPortEnterCritical)
    i.vPortExitCritical                      0x08006600   Section        0  port.o(i.vPortExitCritical)
    i.vPortFree                              0x08006664   Section        0  heap_4.o(i.vPortFree)
    i.vPortSetupTimerInterrupt               0x08006700   Section        0  port.o(i.vPortSetupTimerInterrupt)
    i.vPortValidateInterruptPriority         0x08006720   Section        0  port.o(i.vPortValidateInterruptPriority)
    i.vQueueAddToRegistry                    0x080067ac   Section        0  queue.o(i.vQueueAddToRegistry)
    i.vQueueWaitForMessageRestricted         0x080067d0   Section        0  queue.o(i.vQueueWaitForMessageRestricted)
    i.vTaskDelay                             0x08006814   Section        0  tasks.o(i.vTaskDelay)
    i.vTaskDelete                            0x08006880   Section        0  tasks.o(i.vTaskDelete)
    i.vTaskMissedYield                       0x0800694c   Section        0  tasks.o(i.vTaskMissedYield)
    i.vTaskPlaceOnEventList                  0x08006958   Section        0  tasks.o(i.vTaskPlaceOnEventList)
    i.vTaskPlaceOnEventListRestricted        0x080069ac   Section        0  tasks.o(i.vTaskPlaceOnEventListRestricted)
    i.vTaskPriorityInherit                   0x08006a08   Section        0  tasks.o(i.vTaskPriorityInherit)
    i.vTaskSetTimeOutState                   0x08006a8c   Section        0  tasks.o(i.vTaskSetTimeOutState)
    i.vTaskStartScheduler                    0x08006ad4   Section        0  tasks.o(i.vTaskStartScheduler)
    i.vTaskSuspendAll                        0x08006b6c   Section        0  tasks.o(i.vTaskSuspendAll)
    i.vTaskSwitchContext                     0x08006b7c   Section        0  tasks.o(i.vTaskSwitchContext)
    i.xPortStartScheduler                    0x08006c18   Section        0  port.o(i.xPortStartScheduler)
    i.xPortSysTickHandler                    0x08006d2c   Section        0  port.o(i.xPortSysTickHandler)
    i.xQueueGenericCreate                    0x08006d58   Section        0  queue.o(i.xQueueGenericCreate)
    i.xQueueGenericReceive                   0x08006dd0   Section        0  queue.o(i.xQueueGenericReceive)
    i.xQueueGenericReset                     0x08006f54   Section        0  queue.o(i.xQueueGenericReset)
    i.xQueueGenericSend                      0x08006ffc   Section        0  queue.o(i.xQueueGenericSend)
    i.xQueueGenericSendFromISR               0x08007184   Section        0  queue.o(i.xQueueGenericSendFromISR)
    i.xQueueReceiveFromISR                   0x08007264   Section        0  queue.o(i.xQueueReceiveFromISR)
    i.xTaskCheckForTimeOut                   0x08007318   Section        0  tasks.o(i.xTaskCheckForTimeOut)
    i.xTaskCreate                            0x080073a0   Section        0  tasks.o(i.xTaskCreate)
    i.xTaskGetSchedulerState                 0x080073f8   Section        0  tasks.o(i.xTaskGetSchedulerState)
    i.xTaskGetTickCount                      0x08007414   Section        0  tasks.o(i.xTaskGetTickCount)
    i.xTaskIncrementTick                     0x08007420   Section        0  tasks.o(i.xTaskIncrementTick)
    i.xTaskPriorityDisinherit                0x08007508   Section        0  tasks.o(i.xTaskPriorityDisinherit)
    i.xTaskRemoveFromEventList               0x080075bc   Section        0  tasks.o(i.xTaskRemoveFromEventList)
    i.xTaskResumeAll                         0x08007654   Section        0  tasks.o(i.xTaskResumeAll)
    i.xTimerCreate                           0x08007738   Section        0  timers.o(i.xTimerCreate)
    i.xTimerCreateTimerTask                  0x080077ac   Section        0  timers.o(i.xTimerCreateTimerTask)
    i.xTimerGenericCommand                   0x08007820   Section        0  timers.o(i.xTimerGenericCommand)
    x$fpl$dfixu                              0x080078b0   Section       90  dfixu.o(x$fpl$dfixu)
    $v0                                      0x080078b0   Number         0  dfixu.o(x$fpl$dfixu)
    x$fpl$dfltu                              0x0800790a   Section       38  dflt_clz.o(x$fpl$dfltu)
    $v0                                      0x0800790a   Number         0  dflt_clz.o(x$fpl$dfltu)
    x$fpl$dmul                               0x08007930   Section      340  dmul.o(x$fpl$dmul)
    $v0                                      0x08007930   Number         0  dmul.o(x$fpl$dmul)
    x$fpl$dnaninf                            0x08007a84   Section      156  dnaninf.o(x$fpl$dnaninf)
    $v0                                      0x08007a84   Number         0  dnaninf.o(x$fpl$dnaninf)
    x$fpl$dretinf                            0x08007b20   Section       12  dretinf.o(x$fpl$dretinf)
    $v0                                      0x08007b20   Number         0  dretinf.o(x$fpl$dretinf)
    x$fpl$fpinit                             0x08007b2c   Section       10  fpinit.o(x$fpl$fpinit)
    $v0                                      0x08007b2c   Number         0  fpinit.o(x$fpl$fpinit)
    .constdata                               0x08007b36   Section     6080  lcd.o(.constdata)
    x$fpl$usenofp                            0x08007b36   Section        0  usenofp.o(x$fpl$usenofp)
    .constdata                               0x080092f8   Section       36  malloc.o(.constdata)
    .constdata                               0x0800931c   Section       40  _printf_hex_int.o(.constdata)
    uc_hextab                                0x0800931c   Data          20  _printf_hex_int.o(.constdata)
    lc_hextab                                0x08009330   Data          20  _printf_hex_int.o(.constdata)
    .ARM.__AT_0x10000000                     0x10000000   Section    61440  malloc.o(.ARM.__AT_0x10000000)
    .ARM.__AT_0x1000F000                     0x1000f000   Section     3840  malloc.o(.ARM.__AT_0x1000F000)
    .data                                    0x20000000   Section       80  main.o(.data)
    .data                                    0x20000050   Section       20  system_stm32f4xx.o(.data)
    .data                                    0x20000068   Section        8  timer.o(.data)
    .data                                    0x20000070   Section        4  lcd.o(.data)
    .data                                    0x20000074   Section        1  key.o(.data)
    key_up                                   0x20000074   Data           1  key.o(.data)
    .data                                    0x20000076   Section        4  delay.o(.data)
    fac_us                                   0x20000076   Data           1  delay.o(.data)
    fac_ms                                   0x20000078   Data           2  delay.o(.data)
    .data                                    0x2000007a   Section        2  usart.o(.data)
    .data                                    0x2000007c   Section        4  usart.o(.data)
    .data                                    0x20000080   Section       16  stm32f4xx_rcc.o(.data)
    APBAHBPrescTable                         0x20000080   Data          16  stm32f4xx_rcc.o(.data)
    .data                                    0x20000090   Section       36  malloc.o(.data)
    .data                                    0x200000b4   Section       68  tasks.o(.data)
    uxDeletedTasksWaitingCleanUp             0x200000b8   Data           4  tasks.o(.data)
    uxCurrentNumberOfTasks                   0x200000bc   Data           4  tasks.o(.data)
    xTickCount                               0x200000c0   Data           4  tasks.o(.data)
    uxTopReadyPriority                       0x200000c4   Data           4  tasks.o(.data)
    xSchedulerRunning                        0x200000c8   Data           4  tasks.o(.data)
    uxPendedTicks                            0x200000cc   Data           4  tasks.o(.data)
    xYieldPending                            0x200000d0   Data           4  tasks.o(.data)
    xNumOfOverflows                          0x200000d4   Data           4  tasks.o(.data)
    uxTaskNumber                             0x200000d8   Data           4  tasks.o(.data)
    xNextTaskUnblockTime                     0x200000dc   Data           4  tasks.o(.data)
    xIdleTaskHandle                          0x200000e0   Data           4  tasks.o(.data)
    uxSchedulerSuspended                     0x200000e4   Data           4  tasks.o(.data)
    ulTaskSwitchedInTime                     0x200000e8   Data           4  tasks.o(.data)
    ulTotalRunTime                           0x200000ec   Data           4  tasks.o(.data)
    pxDelayedTaskList                        0x200000f0   Data           4  tasks.o(.data)
    pxOverflowDelayedTaskList                0x200000f4   Data           4  tasks.o(.data)
    .data                                    0x200000f8   Section       20  timers.o(.data)
    xTimerQueue                              0x200000f8   Data           4  timers.o(.data)
    xTimerTaskHandle                         0x200000fc   Data           4  timers.o(.data)
    xLastTime                                0x20000100   Data           4  timers.o(.data)
    pxCurrentTimerList                       0x20000104   Data           4  timers.o(.data)
    pxOverflowTimerList                      0x20000108   Data           4  timers.o(.data)
    .data                                    0x2000010c   Section       12  port.o(.data)
    ucMaxSysCallPriority                     0x2000010c   Data           1  port.o(.data)
    uxCriticalNesting                        0x20000110   Data           4  port.o(.data)
    ulMaxPRIGROUPValue                       0x20000114   Data           4  port.o(.data)
    .data                                    0x20000118   Section       24  heap_4.o(.data)
    pxEnd                                    0x20000118   Data           4  heap_4.o(.data)
    xFreeBytesRemaining                      0x2000011c   Data           4  heap_4.o(.data)
    xMinimumEverFreeBytesRemaining           0x20000120   Data           4  heap_4.o(.data)
    xBlockAllocatedBit                       0x20000124   Data           4  heap_4.o(.data)
    xStart                                   0x20000128   Data           8  heap_4.o(.data)
    .bss                                     0x20000130   Section       20  main.o(.bss)
    .bss                                     0x20000144   Section       14  lcd.o(.bss)
    .bss                                     0x20000152   Section       50  usart.o(.bss)
    .bss                                     0x200001a0   Section    61440  malloc.o(.bss)
    .bss                                     0x2000f1a0   Section     3840  malloc.o(.bss)
    .bss                                     0x200100a0   Section       64  queue.o(.bss)
    .bss                                     0x200100e0   Section      740  tasks.o(.bss)
    pxReadyTasksLists                        0x200100e0   Data         640  tasks.o(.bss)
    xDelayedTaskList1                        0x20010360   Data          20  tasks.o(.bss)
    xDelayedTaskList2                        0x20010374   Data          20  tasks.o(.bss)
    xPendingReadyList                        0x20010388   Data          20  tasks.o(.bss)
    xTasksWaitingTermination                 0x2001039c   Data          20  tasks.o(.bss)
    xSuspendedTaskList                       0x200103b0   Data          20  tasks.o(.bss)
    .bss                                     0x200103c4   Section       40  timers.o(.bss)
    xActiveTimerList1                        0x200103c4   Data          20  timers.o(.bss)
    xActiveTimerList2                        0x200103d8   Data          20  timers.o(.bss)
    .bss                                     0x200103ec   Section    20480  heap_4.o(.bss)
    ucHeap                                   0x200103ec   Data       20480  heap_4.o(.bss)
    .bss                                     0x200153ec   Section       96  libspace.o(.bss)
    HEAP                                     0x20015450   Section      512  startup_stm32f40_41xxx.o(HEAP)
    Heap_Mem                                 0x20015450   Data         512  startup_stm32f40_41xxx.o(HEAP)
    STACK                                    0x20015650   Section     1024  startup_stm32f40_41xxx.o(STACK)
    Stack_Mem                                0x20015650   Data        1024  startup_stm32f40_41xxx.o(STACK)
    __initial_sp                             0x20015a50   Data           0  startup_stm32f40_41xxx.o(STACK)
    .ARM.__AT_0x68000000                     0x68000000   Section    983040  malloc.o(.ARM.__AT_0x68000000)
    .ARM.__AT_0x680F0000                     0x680f0000   Section    61440  malloc.o(.ARM.__AT_0x680F0000)

    Global Symbols

    Symbol Name                              Value     Ov Type        Size  Object(Section)

    BuildAttributes$$THM_ISAv4$E$P$D$K$B$S$7EM$VFPi3$EXTD16$VFPS$VFMA$PE$A:L22UL41UL21$X:L11$S22US41US21$IEEE1$IW$USESV6$~STKCKD$USESV7$~SHL$OSPACE$ROPI$EBA8$UX$STANDARDLIB$REQ8$PRES8$EABIv2 0x00000000   Number         0  anon$$obj.o ABSOLUTE
    __ARM_use_no_argv                        0x00000000   Number         0  main.o ABSOLUTE
    __ARM_exceptions_init                     - Undefined Weak Reference
    __alloca_initialize                       - Undefined Weak Reference
    __arm_preinit_                            - Undefined Weak Reference
    __cpp_initialize__aeabi_                  - Undefined Weak Reference
    __cxa_finalize                            - Undefined Weak Reference
    __rt_locale                               - Undefined Weak Reference
    __sigvec_lookup                           - Undefined Weak Reference
    _atexit_init                              - Undefined Weak Reference
    _call_atexit_fns                          - Undefined Weak Reference
    _clock_init                               - Undefined Weak Reference
    _fp_trap_init                             - Undefined Weak Reference
    _fp_trap_shutdown                         - Undefined Weak Reference
    _get_lc_collate                           - Undefined Weak Reference
    _get_lc_ctype                             - Undefined Weak Reference
    _get_lc_monetary                          - Undefined Weak Reference
    _get_lc_numeric                           - Undefined Weak Reference
    _get_lc_time                              - Undefined Weak Reference
    _getenv_init                              - Undefined Weak Reference
    _handle_redirection                       - Undefined Weak Reference
    _init_alloc                               - Undefined Weak Reference
    _init_user_alloc                          - Undefined Weak Reference
    _initio                                   - Undefined Weak Reference
    _mutex_acquire                            - Undefined Weak Reference
    _mutex_release                            - Undefined Weak Reference
    _printf_mbtowc                            - Undefined Weak Reference
    _printf_post_padding                      - Undefined Weak Reference
    _printf_pre_padding                       - Undefined Weak Reference
    _printf_truncate_signed                   - Undefined Weak Reference
    _printf_truncate_unsigned                 - Undefined Weak Reference
    _rand_init                                - Undefined Weak Reference
    _signal_finish                            - Undefined Weak Reference
    _signal_init                              - Undefined Weak Reference
    _terminate_alloc                          - Undefined Weak Reference
    _terminate_user_alloc                     - Undefined Weak Reference
    _terminateio                              - Undefined Weak Reference
    __Vectors_Size                           0x00000188   Number         0  startup_stm32f40_41xxx.o ABSOLUTE
    __Vectors                                0x08000000   Data           4  startup_stm32f40_41xxx.o(RESET)
    __Vectors_End                            0x08000188   Data           0  startup_stm32f40_41xxx.o(RESET)
    __main                                   0x08000189   Thumb Code     8  __main.o(!!!main)
    __scatterload                            0x08000191   Thumb Code     0  __scatter.o(!!!scatter)
    __scatterload_rt2                        0x08000191   Thumb Code    44  __scatter.o(!!!scatter)
    __scatterload_rt2_thumb_only             0x08000191   Thumb Code     0  __scatter.o(!!!scatter)
    __scatterload_null                       0x0800019f   Thumb Code     0  __scatter.o(!!!scatter)
    __decompress                             0x080001c5   Thumb Code    90  __dczerorl2.o(!!dczerorl2)
    __decompress1                            0x080001c5   Thumb Code     0  __dczerorl2.o(!!dczerorl2)
    __scatterload_zeroinit                   0x08000221   Thumb Code    28  __scatter_zi.o(!!handler_zi)
    _printf_d                                0x0800023d   Thumb Code     0  _printf_d.o(.ARM.Collect$$_printf_percent$$00000009)
    _printf_percent                          0x0800023d   Thumb Code     0  _printf_percent.o(.ARM.Collect$$_printf_percent$$00000000)
    _printf_x                                0x08000243   Thumb Code     0  _printf_x.o(.ARM.Collect$$_printf_percent$$0000000C)
    _printf_s                                0x08000249   Thumb Code     0  _printf_s.o(.ARM.Collect$$_printf_percent$$00000014)
    _printf_percent_end                      0x0800024f   Thumb Code     0  _printf_percent_end.o(.ARM.Collect$$_printf_percent$$00000017)
    __rt_lib_init                            0x08000253   Thumb Code     0  libinit.o(.ARM.Collect$$libinit$$00000000)
    __rt_lib_init_fp_1                       0x08000255   Thumb Code     0  libinit2.o(.ARM.Collect$$libinit$$00000001)
    __rt_lib_init_alloca_1                   0x08000259   Thumb Code     0  libinit2.o(.ARM.Collect$$libinit$$0000002E)
    __rt_lib_init_argv_1                     0x08000259   Thumb Code     0  libinit2.o(.ARM.Collect$$libinit$$0000002C)
    __rt_lib_init_atexit_1                   0x08000259   Thumb Code     0  libinit2.o(.ARM.Collect$$libinit$$0000001B)
    __rt_lib_init_clock_1                    0x08000259   Thumb Code     0  libinit2.o(.ARM.Collect$$libinit$$00000021)
    __rt_lib_init_cpp_1                      0x08000259   Thumb Code     0  libinit2.o(.ARM.Collect$$libinit$$00000032)
    __rt_lib_init_exceptions_1               0x08000259   Thumb Code     0  libinit2.o(.ARM.Collect$$libinit$$00000030)
    __rt_lib_init_fp_trap_1                  0x08000259   Thumb Code     0  libinit2.o(.ARM.Collect$$libinit$$0000001F)
    __rt_lib_init_getenv_1                   0x08000259   Thumb Code     0  libinit2.o(.ARM.Collect$$libinit$$00000023)
    __rt_lib_init_heap_1                     0x08000259   Thumb Code     0  libinit2.o(.ARM.Collect$$libinit$$0000000A)
    __rt_lib_init_lc_collate_1               0x08000259   Thumb Code     0  libinit2.o(.ARM.Collect$$libinit$$00000011)
    __rt_lib_init_lc_ctype_1                 0x08000259   Thumb Code     0  libinit2.o(.ARM.Collect$$libinit$$00000013)
    __rt_lib_init_lc_monetary_1              0x08000259   Thumb Code     0  libinit2.o(.ARM.Collect$$libinit$$00000015)
    __rt_lib_init_lc_numeric_1               0x08000259   Thumb Code     0  libinit2.o(.ARM.Collect$$libinit$$00000017)
    __rt_lib_init_lc_time_1                  0x08000259   Thumb Code     0  libinit2.o(.ARM.Collect$$libinit$$00000019)
    __rt_lib_init_preinit_1                  0x08000259   Thumb Code     0  libinit2.o(.ARM.Collect$$libinit$$00000004)
    __rt_lib_init_rand_1                     0x08000259   Thumb Code     0  libinit2.o(.ARM.Collect$$libinit$$0000000E)
    __rt_lib_init_return                     0x08000259   Thumb Code     0  libinit2.o(.ARM.Collect$$libinit$$00000033)
    __rt_lib_init_signal_1                   0x08000259   Thumb Code     0  libinit2.o(.ARM.Collect$$libinit$$0000001D)
    __rt_lib_init_stdio_1                    0x08000259   Thumb Code     0  libinit2.o(.ARM.Collect$$libinit$$00000025)
    __rt_lib_init_user_alloc_1               0x08000259   Thumb Code     0  libinit2.o(.ARM.Collect$$libinit$$0000000C)
    __rt_lib_shutdown                        0x0800025b   Thumb Code     0  libshutdown.o(.ARM.Collect$$libshutdown$$00000000)
    __rt_lib_shutdown_cpp_1                  0x0800025d   Thumb Code     0  libshutdown2.o(.ARM.Collect$$libshutdown$$00000002)
    __rt_lib_shutdown_fp_trap_1              0x0800025d   Thumb Code     0  libshutdown2.o(.ARM.Collect$$libshutdown$$00000007)
    __rt_lib_shutdown_heap_1                 0x0800025d   Thumb Code     0  libshutdown2.o(.ARM.Collect$$libshutdown$$0000000F)
    __rt_lib_shutdown_return                 0x0800025d   Thumb Code     0  libshutdown2.o(.ARM.Collect$$libshutdown$$00000010)
    __rt_lib_shutdown_signal_1               0x0800025d   Thumb Code     0  libshutdown2.o(.ARM.Collect$$libshutdown$$0000000A)
    __rt_lib_shutdown_stdio_1                0x0800025d   Thumb Code     0  libshutdown2.o(.ARM.Collect$$libshutdown$$00000004)
    __rt_lib_shutdown_user_alloc_1           0x0800025d   Thumb Code     0  libshutdown2.o(.ARM.Collect$$libshutdown$$0000000C)
    __rt_entry                               0x0800025f   Thumb Code     0  __rtentry.o(.ARM.Collect$$rtentry$$00000000)
    __rt_entry_presh_1                       0x0800025f   Thumb Code     0  __rtentry2.o(.ARM.Collect$$rtentry$$00000002)
    __rt_entry_sh                            0x0800025f   Thumb Code     0  __rtentry4.o(.ARM.Collect$$rtentry$$00000004)
    __rt_entry_li                            0x08000265   Thumb Code     0  __rtentry2.o(.ARM.Collect$$rtentry$$0000000A)
    __rt_entry_postsh_1                      0x08000265   Thumb Code     0  __rtentry2.o(.ARM.Collect$$rtentry$$00000009)
    __rt_entry_main                          0x08000269   Thumb Code     0  __rtentry2.o(.ARM.Collect$$rtentry$$0000000D)
    __rt_entry_postli_1                      0x08000269   Thumb Code     0  __rtentry2.o(.ARM.Collect$$rtentry$$0000000C)
    __rt_exit                                0x08000271   Thumb Code     0  rtexit.o(.ARM.Collect$$rtexit$$00000000)
    __rt_exit_ls                             0x08000273   Thumb Code     0  rtexit2.o(.ARM.Collect$$rtexit$$00000003)
    __rt_exit_prels_1                        0x08000273   Thumb Code     0  rtexit2.o(.ARM.Collect$$rtexit$$00000002)
    __rt_exit_exit                           0x08000277   Thumb Code     0  rtexit2.o(.ARM.Collect$$rtexit$$00000004)
    SVC_Handler                              0x0800027d   Thumb Code    28  port.o(.emb_text)
    __asm___6_port_c_39a90d8d__prvStartFirstTask 0x0800029d   Thumb Code    28  port.o(.emb_text)
    __asm___6_port_c_39a90d8d__prvEnableVFP  0x080002bd   Thumb Code    16  port.o(.emb_text)
    PendSV_Handler                           0x080002d1   Thumb Code    88  port.o(.emb_text)
    vPortGetIPSR                             0x0800032d   Thumb Code     6  port.o(.emb_text)
    Reset_Handler                            0x08000335   Thumb Code     8  startup_stm32f40_41xxx.o(.text)
    ADC_IRQHandler                           0x0800034f   Thumb Code     0  startup_stm32f40_41xxx.o(.text)
    CAN1_RX0_IRQHandler                      0x0800034f   Thumb Code     0  startup_stm32f40_41xxx.o(.text)
    CAN1_RX1_IRQHandler                      0x0800034f   Thumb Code     0  startup_stm32f40_41xxx.o(.text)
    CAN1_SCE_IRQHandler                      0x0800034f   Thumb Code     0  startup_stm32f40_41xxx.o(.text)
    CAN1_TX_IRQHandler                       0x0800034f   Thumb Code     0  startup_stm32f40_41xxx.o(.text)
    CAN2_RX0_IRQHandler                      0x0800034f   Thumb Code     0  startup_stm32f40_41xxx.o(.text)
    CAN2_RX1_IRQHandler                      0x0800034f   Thumb Code     0  startup_stm32f40_41xxx.o(.text)
    CAN2_SCE_IRQHandler                      0x0800034f   Thumb Code     0  startup_stm32f40_41xxx.o(.text)
    CAN2_TX_IRQHandler                       0x0800034f   Thumb Code     0  startup_stm32f40_41xxx.o(.text)
    CRYP_IRQHandler                          0x0800034f   Thumb Code     0  startup_stm32f40_41xxx.o(.text)
    DCMI_IRQHandler                          0x0800034f   Thumb Code     0  startup_stm32f40_41xxx.o(.text)
    DMA1_Stream0_IRQHandler                  0x0800034f   Thumb Code     0  startup_stm32f40_41xxx.o(.text)
    DMA1_Stream1_IRQHandler                  0x0800034f   Thumb Code     0  startup_stm32f40_41xxx.o(.text)
    DMA1_Stream2_IRQHandler                  0x0800034f   Thumb Code     0  startup_stm32f40_41xxx.o(.text)
    DMA1_Stream3_IRQHandler                  0x0800034f   Thumb Code     0  startup_stm32f40_41xxx.o(.text)
    DMA1_Stream4_IRQHandler                  0x0800034f   Thumb Code     0  startup_stm32f40_41xxx.o(.text)
    DMA1_Stream5_IRQHandler                  0x0800034f   Thumb Code     0  startup_stm32f40_41xxx.o(.text)
    DMA1_Stream6_IRQHandler                  0x0800034f   Thumb Code     0  startup_stm32f40_41xxx.o(.text)
    DMA1_Stream7_IRQHandler                  0x0800034f   Thumb Code     0  startup_stm32f40_41xxx.o(.text)
    DMA2_Stream0_IRQHandler                  0x0800034f   Thumb Code     0  startup_stm32f40_41xxx.o(.text)
    DMA2_Stream1_IRQHandler                  0x0800034f   Thumb Code     0  startup_stm32f40_41xxx.o(.text)
    DMA2_Stream2_IRQHandler                  0x0800034f   Thumb Code     0  startup_stm32f40_41xxx.o(.text)
    DMA2_Stream3_IRQHandler                  0x0800034f   Thumb Code     0  startup_stm32f40_41xxx.o(.text)
    DMA2_Stream4_IRQHandler                  0x0800034f   Thumb Code     0  startup_stm32f40_41xxx.o(.text)
    DMA2_Stream5_IRQHandler                  0x0800034f   Thumb Code     0  startup_stm32f40_41xxx.o(.text)
    DMA2_Stream6_IRQHandler                  0x0800034f   Thumb Code     0  startup_stm32f40_41xxx.o(.text)
    DMA2_Stream7_IRQHandler                  0x0800034f   Thumb Code     0  startup_stm32f40_41xxx.o(.text)
    ETH_IRQHandler                           0x0800034f   Thumb Code     0  startup_stm32f40_41xxx.o(.text)
    ETH_WKUP_IRQHandler                      0x0800034f   Thumb Code     0  startup_stm32f40_41xxx.o(.text)
    EXTI0_IRQHandler                         0x0800034f   Thumb Code     0  startup_stm32f40_41xxx.o(.text)
    EXTI15_10_IRQHandler                     0x0800034f   Thumb Code     0  startup_stm32f40_41xxx.o(.text)
    EXTI1_IRQHandler                         0x0800034f   Thumb Code     0  startup_stm32f40_41xxx.o(.text)
    EXTI2_IRQHandler                         0x0800034f   Thumb Code     0  startup_stm32f40_41xxx.o(.text)
    EXTI3_IRQHandler                         0x0800034f   Thumb Code     0  startup_stm32f40_41xxx.o(.text)
    EXTI4_IRQHandler                         0x0800034f   Thumb Code     0  startup_stm32f40_41xxx.o(.text)
    EXTI9_5_IRQHandler                       0x0800034f   Thumb Code     0  startup_stm32f40_41xxx.o(.text)
    FLASH_IRQHandler                         0x0800034f   Thumb Code     0  startup_stm32f40_41xxx.o(.text)
    FPU_IRQHandler                           0x0800034f   Thumb Code     0  startup_stm32f40_41xxx.o(.text)
    FSMC_IRQHandler                          0x0800034f   Thumb Code     0  startup_stm32f40_41xxx.o(.text)
    HASH_RNG_IRQHandler                      0x0800034f   Thumb Code     0  startup_stm32f40_41xxx.o(.text)
    I2C1_ER_IRQHandler                       0x0800034f   Thumb Code     0  startup_stm32f40_41xxx.o(.text)
    I2C1_EV_IRQHandler                       0x0800034f   Thumb Code     0  startup_stm32f40_41xxx.o(.text)
    I2C2_ER_IRQHandler                       0x0800034f   Thumb Code     0  startup_stm32f40_41xxx.o(.text)
    I2C2_EV_IRQHandler                       0x0800034f   Thumb Code     0  startup_stm32f40_41xxx.o(.text)
    I2C3_ER_IRQHandler                       0x0800034f   Thumb Code     0  startup_stm32f40_41xxx.o(.text)
    I2C3_EV_IRQHandler                       0x0800034f   Thumb Code     0  startup_stm32f40_41xxx.o(.text)
    OTG_FS_IRQHandler                        0x0800034f   Thumb Code     0  startup_stm32f40_41xxx.o(.text)
    OTG_FS_WKUP_IRQHandler                   0x0800034f   Thumb Code     0  startup_stm32f40_41xxx.o(.text)
    OTG_HS_EP1_IN_IRQHandler                 0x0800034f   Thumb Code     0  startup_stm32f40_41xxx.o(.text)
    OTG_HS_EP1_OUT_IRQHandler                0x0800034f   Thumb Code     0  startup_stm32f40_41xxx.o(.text)
    OTG_HS_IRQHandler                        0x0800034f   Thumb Code     0  startup_stm32f40_41xxx.o(.text)
    OTG_HS_WKUP_IRQHandler                   0x0800034f   Thumb Code     0  startup_stm32f40_41xxx.o(.text)
    PVD_IRQHandler                           0x0800034f   Thumb Code     0  startup_stm32f40_41xxx.o(.text)
    RCC_IRQHandler                           0x0800034f   Thumb Code     0  startup_stm32f40_41xxx.o(.text)
    RTC_Alarm_IRQHandler                     0x0800034f   Thumb Code     0  startup_stm32f40_41xxx.o(.text)
    RTC_WKUP_IRQHandler                      0x0800034f   Thumb Code     0  startup_stm32f40_41xxx.o(.text)
    SDIO_IRQHandler                          0x0800034f   Thumb Code     0  startup_stm32f40_41xxx.o(.text)
    SPI1_IRQHandler                          0x0800034f   Thumb Code     0  startup_stm32f40_41xxx.o(.text)
    SPI2_IRQHandler                          0x0800034f   Thumb Code     0  startup_stm32f40_41xxx.o(.text)
    SPI3_IRQHandler                          0x0800034f   Thumb Code     0  startup_stm32f40_41xxx.o(.text)
    TAMP_STAMP_IRQHandler                    0x0800034f   Thumb Code     0  startup_stm32f40_41xxx.o(.text)
    TIM1_CC_IRQHandler                       0x0800034f   Thumb Code     0  startup_stm32f40_41xxx.o(.text)
    TIM1_TRG_COM_TIM11_IRQHandler            0x0800034f   Thumb Code     0  startup_stm32f40_41xxx.o(.text)
    TIM1_UP_TIM10_IRQHandler                 0x0800034f   Thumb Code     0  startup_stm32f40_41xxx.o(.text)
    TIM2_IRQHandler                          0x0800034f   Thumb Code     0  startup_stm32f40_41xxx.o(.text)
    TIM4_IRQHandler                          0x0800034f   Thumb Code     0  startup_stm32f40_41xxx.o(.text)
    TIM5_IRQHandler                          0x0800034f   Thumb Code     0  startup_stm32f40_41xxx.o(.text)
    TIM6_DAC_IRQHandler                      0x0800034f   Thumb Code     0  startup_stm32f40_41xxx.o(.text)
    TIM7_IRQHandler                          0x0800034f   Thumb Code     0  startup_stm32f40_41xxx.o(.text)
    TIM8_BRK_TIM12_IRQHandler                0x0800034f   Thumb Code     0  startup_stm32f40_41xxx.o(.text)
    TIM8_CC_IRQHandler                       0x0800034f   Thumb Code     0  startup_stm32f40_41xxx.o(.text)
    TIM8_TRG_COM_TIM14_IRQHandler            0x0800034f   Thumb Code     0  startup_stm32f40_41xxx.o(.text)
    TIM8_UP_TIM13_IRQHandler                 0x0800034f   Thumb Code     0  startup_stm32f40_41xxx.o(.text)
    UART4_IRQHandler                         0x0800034f   Thumb Code     0  startup_stm32f40_41xxx.o(.text)
    UART5_IRQHandler                         0x0800034f   Thumb Code     0  startup_stm32f40_41xxx.o(.text)
    USART2_IRQHandler                        0x0800034f   Thumb Code     0  startup_stm32f40_41xxx.o(.text)
    USART3_IRQHandler                        0x0800034f   Thumb Code     0  startup_stm32f40_41xxx.o(.text)
    USART6_IRQHandler                        0x0800034f   Thumb Code     0  startup_stm32f40_41xxx.o(.text)
    WWDG_IRQHandler                          0x0800034f   Thumb Code     0  startup_stm32f40_41xxx.o(.text)
    __user_initial_stackheap                 0x08000351   Thumb Code     0  startup_stm32f40_41xxx.o(.text)
    __use_no_semihosting                     0x08000375   Thumb Code     2  use_no_semi_2.o(.text)
    __2printf                                0x08000379   Thumb Code    20  noretval__2printf.o(.text)
    __2sprintf                               0x08000391   Thumb Code    34  noretval__2sprintf.o(.text)
    __printf                                 0x080003b9   Thumb Code   104  __printf.o(.text)
    _printf_str                              0x08000421   Thumb Code    82  _printf_str.o(.text)
    _printf_int_dec                          0x08000475   Thumb Code   104  _printf_dec.o(.text)
    _printf_int_hex                          0x080004ed   Thumb Code    84  _printf_hex_int.o(.text)
    _printf_longlong_hex                     0x080004ed   Thumb Code     0  _printf_hex_int.o(.text)
    __aeabi_memcpy                           0x08000545   Thumb Code     0  rt_memcpy_v6.o(.text)
    __rt_memcpy                              0x08000545   Thumb Code   138  rt_memcpy_v6.o(.text)
    _memcpy_lastbytes                        0x080005ab   Thumb Code     0  rt_memcpy_v6.o(.text)
    __aeabi_memset                           0x080005cf   Thumb Code    16  aeabi_memset.o(.text)
    __aeabi_memclr                           0x080005df   Thumb Code     0  rt_memclr.o(.text)
    __rt_memclr                              0x080005df   Thumb Code    68  rt_memclr.o(.text)
    _memset                                  0x080005e3   Thumb Code     0  rt_memclr.o(.text)
    __use_two_region_memory                  0x08000623   Thumb Code     2  heapauxi.o(.text)
    __rt_heap_escrow$2region                 0x08000625   Thumb Code     2  heapauxi.o(.text)
    __rt_heap_expand$2region                 0x08000627   Thumb Code     2  heapauxi.o(.text)
    __I$use$semihosting                      0x08000629   Thumb Code     0  use_no_semi.o(.text)
    __use_no_semihosting_swi                 0x08000629   Thumb Code     2  use_no_semi.o(.text)
    _printf_int_common                       0x0800062b   Thumb Code   178  _printf_intcommon.o(.text)
    _printf_char_common                      0x080006e7   Thumb Code    32  _printf_char_common.o(.text)
    _sputc                                   0x0800070d   Thumb Code    10  _sputc.o(.text)
    _printf_cs_common                        0x08000717   Thumb Code    20  _printf_char.o(.text)
    _printf_char                             0x0800072b   Thumb Code    16  _printf_char.o(.text)
    _printf_string                           0x0800073b   Thumb Code     8  _printf_char.o(.text)
    _printf_char_file                        0x08000745   Thumb Code    32  _printf_char_file.o(.text)
    __aeabi_memcpy4                          0x08000769   Thumb Code     0  rt_memcpy_w.o(.text)
    __aeabi_memcpy8                          0x08000769   Thumb Code     0  rt_memcpy_w.o(.text)
    __rt_memcpy_w                            0x08000769   Thumb Code   100  rt_memcpy_w.o(.text)
    _memcpy_lastbytes_aligned                0x080007b1   Thumb Code     0  rt_memcpy_w.o(.text)
    __aeabi_memclr4                          0x080007cd   Thumb Code     0  rt_memclr_w.o(.text)
    __aeabi_memclr8                          0x080007cd   Thumb Code     0  rt_memclr_w.o(.text)
    __rt_memclr_w                            0x080007cd   Thumb Code    78  rt_memclr_w.o(.text)
    _memset_w                                0x080007d1   Thumb Code     0  rt_memclr_w.o(.text)
    ferror                                   0x0800081b   Thumb Code     8  ferror.o(.text)
    __user_setup_stackheap                   0x08000823   Thumb Code    74  sys_stackheap_outer.o(.text)
    exit                                     0x0800086d   Thumb Code    18  exit.o(.text)
    __user_libspace                          0x08000881   Thumb Code     8  libspace.o(.text)
    __user_perproc_libspace                  0x08000881   Thumb Code     0  libspace.o(.text)
    __user_perthread_libspace                0x08000881   Thumb Code     0  libspace.o(.text)
    BEEP_Init                                0x08000889   Thumb Code    60  beep.o(i.BEEP_Init)
    BusFault_Handler                         0x080008c9   Thumb Code     2  stm32f4xx_it.o(i.BusFault_Handler)
    ConfigureTimeForRunTimeStats             0x080008cd   Thumb Code    16  timer.o(i.ConfigureTimeForRunTimeStats)
    DebugMon_Handler                         0x080008e1   Thumb Code     2  stm32f4xx_it.o(i.DebugMon_Handler)
    FSMC_NORSRAMCmd                          0x080008e5   Thumb Code    26  stm32f4xx_fsmc.o(i.FSMC_NORSRAMCmd)
    FSMC_NORSRAMInit                         0x08000905   Thumb Code   200  stm32f4xx_fsmc.o(i.FSMC_NORSRAMInit)
    GPIO_Init                                0x080009cd   Thumb Code   120  stm32f4xx_gpio.o(i.GPIO_Init)
    GPIO_PinAFConfig                         0x08000a45   Thumb Code    32  stm32f4xx_gpio.o(i.GPIO_PinAFConfig)
    GPIO_ReadInputDataBit                    0x08000a65   Thumb Code    14  stm32f4xx_gpio.o(i.GPIO_ReadInputDataBit)
    GPIO_ResetBits                           0x08000a73   Thumb Code     4  stm32f4xx_gpio.o(i.GPIO_ResetBits)
    GPIO_SetBits                             0x08000a77   Thumb Code     4  stm32f4xx_gpio.o(i.GPIO_SetBits)
    HardFault_Handler                        0x08000a7b   Thumb Code     2  stm32f4xx_it.o(i.HardFault_Handler)
    KEY_Init                                 0x08000a7d   Thumb Code    58  key.o(i.KEY_Init)
    KEY_Scan                                 0x08000ac1   Thumb Code   190  key.o(i.KEY_Scan)
    Keyprocess_task                          0x08000b8d   Thumb Code   140  main.o(i.Keyprocess_task)
    LCD_Clear                                0x08000c4d   Thumb Code   104  lcd.o(i.LCD_Clear)
    LCD_Display_Dir                          0x08000cb9   Thumb Code   304  lcd.o(i.LCD_Display_Dir)
    LCD_DrawLine                             0x08000ded   Thumb Code   150  lcd.o(i.LCD_DrawLine)
    LCD_DrawPoint                            0x08000e85   Thumb Code    24  lcd.o(i.LCD_DrawPoint)
    LCD_DrawRectangle                        0x08000ea1   Thumb Code    56  lcd.o(i.LCD_DrawRectangle)
    LCD_Fast_DrawPoint                       0x08000ed9   Thumb Code   268  lcd.o(i.LCD_Fast_DrawPoint)
    LCD_Fill                                 0x08000fe9   Thumb Code   134  lcd.o(i.LCD_Fill)
    LCD_Init                                 0x08001075   Thumb Code 14116  lcd.o(i.LCD_Init)
    LCD_RD_DATA                              0x08004799   Thumb Code    20  lcd.o(i.LCD_RD_DATA)
    LCD_ReadReg                              0x080047ad   Thumb Code    20  lcd.o(i.LCD_ReadReg)
    LCD_SSD_BackLightSet                     0x080047c1   Thumb Code    72  lcd.o(i.LCD_SSD_BackLightSet)
    LCD_Scan_Dir                             0x08004811   Thumb Code   510  lcd.o(i.LCD_Scan_Dir)
    LCD_SetCursor                            0x08004a15   Thumb Code   332  lcd.o(i.LCD_SetCursor)
    LCD_ShowChar                             0x08004b65   Thumb Code   184  lcd.o(i.LCD_ShowChar)
    LCD_ShowString                           0x08004c31   Thumb Code    84  lcd.o(i.LCD_ShowString)
    LCD_WR_DATA                              0x08004c85   Thumb Code    24  lcd.o(i.LCD_WR_DATA)
    LCD_WR_REG                               0x08004c9d   Thumb Code    24  lcd.o(i.LCD_WR_REG)
    LCD_WriteRAM_Prepare                     0x08004cb5   Thumb Code    14  lcd.o(i.LCD_WriteRAM_Prepare)
    LCD_WriteReg                             0x08004cc9   Thumb Code    12  lcd.o(i.LCD_WriteReg)
    LED_Init                                 0x08004cd5   Thumb Code    58  led.o(i.LED_Init)
    MemManage_Handler                        0x08004d15   Thumb Code     2  stm32f4xx_it.o(i.MemManage_Handler)
    NMI_Handler                              0x08004d17   Thumb Code     2  stm32f4xx_it.o(i.NMI_Handler)
    NVIC_Init                                0x08004d19   Thumb Code    96  misc.o(i.NVIC_Init)
    NVIC_PriorityGroupConfig                 0x08004d7d   Thumb Code    10  misc.o(i.NVIC_PriorityGroupConfig)
    RCC_AHB1PeriphClockCmd                   0x08004d91   Thumb Code    18  stm32f4xx_rcc.o(i.RCC_AHB1PeriphClockCmd)
    RCC_AHB3PeriphClockCmd                   0x08004da9   Thumb Code    18  stm32f4xx_rcc.o(i.RCC_AHB3PeriphClockCmd)
    RCC_APB1PeriphClockCmd                   0x08004dc1   Thumb Code    18  stm32f4xx_rcc.o(i.RCC_APB1PeriphClockCmd)
    RCC_APB2PeriphClockCmd                   0x08004dd9   Thumb Code    18  stm32f4xx_rcc.o(i.RCC_APB2PeriphClockCmd)
    RCC_GetClocksFreq                        0x08004df1   Thumb Code   132  stm32f4xx_rcc.o(i.RCC_GetClocksFreq)
    SysTick_CLKSourceConfig                  0x08004f35   Thumb Code    24  misc.o(i.SysTick_CLKSourceConfig)
    SysTick_Handler                          0x08004f4d   Thumb Code    20  delay.o(i.SysTick_Handler)
    SystemInit                               0x08004f61   Thumb Code    74  system_stm32f4xx.o(i.SystemInit)
    TIM1_BRK_TIM9_IRQHandler                 0x08004fbd   Thumb Code   102  timer.o(i.TIM1_BRK_TIM9_IRQHandler)
    TIM3_IRQHandler                          0x08005031   Thumb Code    44  timer.o(i.TIM3_IRQHandler)
    TIM3_Int_Init                            0x08005065   Thumb Code    86  timer.o(i.TIM3_Int_Init)
    TIM9_Int_Init                            0x080050c1   Thumb Code    88  timer.o(i.TIM9_Int_Init)
    TIM_ClearITPendingBit                    0x0800511d   Thumb Code     6  stm32f4xx_tim.o(i.TIM_ClearITPendingBit)
    TIM_Cmd                                  0x08005123   Thumb Code    20  stm32f4xx_tim.o(i.TIM_Cmd)
    TIM_GetITStatus                          0x08005137   Thumb Code    24  stm32f4xx_tim.o(i.TIM_GetITStatus)
    TIM_ITConfig                             0x0800514f   Thumb Code    16  stm32f4xx_tim.o(i.TIM_ITConfig)
    TIM_TimeBaseInit                         0x08005161   Thumb Code    96  stm32f4xx_tim.o(i.TIM_TimeBaseInit)
    USART1_IRQHandler                        0x080051dd   Thumb Code   138  usart.o(i.USART1_IRQHandler)
    USART_Cmd                                0x0800527d   Thumb Code    20  stm32f4xx_usart.o(i.USART_Cmd)
    USART_GetITStatus                        0x08005291   Thumb Code    62  stm32f4xx_usart.o(i.USART_GetITStatus)
    USART_ITConfig                           0x080052cf   Thumb Code    48  stm32f4xx_usart.o(i.USART_ITConfig)
    USART_Init                               0x08005301   Thumb Code   164  stm32f4xx_usart.o(i.USART_Init)
    USART_ReceiveData                        0x080053ad   Thumb Code     8  stm32f4xx_usart.o(i.USART_ReceiveData)
    UsageFault_Handler                       0x080053b5   Thumb Code     2  stm32f4xx_it.o(i.UsageFault_Handler)
    _sys_exit                                0x080053b7   Thumb Code     2  usart.o(i._sys_exit)
    check_msg_queue                          0x080053b9   Thumb Code   112  main.o(i.check_msg_queue)
    delay_init                               0x0800544d   Thumb Code    50  delay.o(i.delay_init)
    delay_ms                                 0x08005485   Thumb Code    52  delay.o(i.delay_ms)
    delay_us                                 0x080054bd   Thumb Code    48  delay.o(i.delay_us)
    disp_str                                 0x080054f1   Thumb Code    42  main.o(i.disp_str)
    fputc                                    0x0800551d   Thumb Code    14  usart.o(i.fputc)
    freertos_load_main_ui                    0x08005531   Thumb Code   206  main.o(i.freertos_load_main_ui)
    main                                     0x080056a1   Thumb Code    90  main.o(i.main)
    my_mem_free                              0x08005711   Thumb Code    80  malloc.o(i.my_mem_free)
    my_mem_init                              0x08005769   Thumb Code    52  malloc.o(i.my_mem_init)
    my_mem_malloc                            0x080057a5   Thumb Code   132  malloc.o(i.my_mem_malloc)
    my_mem_perused                           0x08005831   Thumb Code    48  malloc.o(i.my_mem_perused)
    myfree                                   0x08005869   Thumb Code    20  malloc.o(i.myfree)
    mymalloc                                 0x08005881   Thumb Code    28  malloc.o(i.mymalloc)
    mymemset                                 0x080058a1   Thumb Code    12  malloc.o(i.mymemset)
    pvPortMalloc                             0x08006111   Thumb Code   214  heap_4.o(i.pvPortMalloc)
    pvTaskIncrementMutexHeldCount            0x08006225   Thumb Code    18  tasks.o(i.pvTaskIncrementMutexHeldCount)
    pxPortInitialiseStack                    0x0800623d   Thumb Code    40  port.o(i.pxPortInitialiseStack)
    start_task                               0x08006269   Thumb Code   112  main.o(i.start_task)
    task1_task                               0x08006311   Thumb Code   122  main.o(i.task1_task)
    task2_task                               0x080063bd   Thumb Code    12  main.o(i.task2_task)
    uart_init                                0x080063c9   Thumb Code   164  usart.o(i.uart_init)
    uxListRemove                             0x08006475   Thumb Code    36  list.o(i.uxListRemove)
    uxQueueMessagesWaiting                   0x08006499   Thumb Code    32  queue.o(i.uxQueueMessagesWaiting)
    uxQueueSpacesAvailable                   0x080064dd   Thumb Code    36  queue.o(i.uxQueueSpacesAvailable)
    vListInitialise                          0x08006525   Thumb Code    22  list.o(i.vListInitialise)
    vListInitialiseItem                      0x0800653b   Thumb Code     6  list.o(i.vListInitialiseItem)
    vListInsert                              0x08006541   Thumb Code    48  list.o(i.vListInsert)
    vListInsertEnd                           0x08006571   Thumb Code    24  list.o(i.vListInsertEnd)
    vPortEnterCritical                       0x08006589   Thumb Code    50  port.o(i.vPortEnterCritical)
    vPortExitCritical                        0x08006601   Thumb Code    34  port.o(i.vPortExitCritical)
    vPortFree                                0x08006665   Thumb Code    94  heap_4.o(i.vPortFree)
    vPortSetupTimerInterrupt                 0x08006701   Thumb Code    26  port.o(i.vPortSetupTimerInterrupt)
    vPortValidateInterruptPriority           0x08006721   Thumb Code    70  port.o(i.vPortValidateInterruptPriority)
    vQueueAddToRegistry                      0x080067ad   Thumb Code    32  queue.o(i.vQueueAddToRegistry)
    vQueueWaitForMessageRestricted           0x080067d1   Thumb Code    68  queue.o(i.vQueueWaitForMessageRestricted)
    vTaskDelay                               0x08006815   Thumb Code    62  tasks.o(i.vTaskDelay)
    vTaskDelete                              0x08006881   Thumb Code   152  tasks.o(i.vTaskDelete)
    vTaskMissedYield                         0x0800694d   Thumb Code     8  tasks.o(i.vTaskMissedYield)
    vTaskPlaceOnEventList                    0x08006959   Thumb Code    44  tasks.o(i.vTaskPlaceOnEventList)
    vTaskPlaceOnEventListRestricted          0x080069ad   Thumb Code    52  tasks.o(i.vTaskPlaceOnEventListRestricted)
    vTaskPriorityInherit                     0x08006a09   Thumb Code   124  tasks.o(i.vTaskPriorityInherit)
    vTaskSetTimeOutState                     0x08006a8d   Thumb Code    30  tasks.o(i.vTaskSetTimeOutState)
    vTaskStartScheduler                      0x08006ad5   Thumb Code   100  tasks.o(i.vTaskStartScheduler)
    vTaskSuspendAll                          0x08006b6d   Thumb Code    10  tasks.o(i.vTaskSuspendAll)
    vTaskSwitchContext                       0x08006b7d   Thumb Code   106  tasks.o(i.vTaskSwitchContext)
    xPortStartScheduler                      0x08006c19   Thumb Code   196  port.o(i.xPortStartScheduler)
    xPortSysTickHandler                      0x08006d2d   Thumb Code    38  port.o(i.xPortSysTickHandler)
    xQueueGenericCreate                      0x08006d59   Thumb Code    82  queue.o(i.xQueueGenericCreate)
    xQueueGenericReceive                     0x08006dd1   Thumb Code   348  queue.o(i.xQueueGenericReceive)
    xQueueGenericReset                       0x08006f55   Thumb Code   128  queue.o(i.xQueueGenericReset)
    xQueueGenericSend                        0x08006ffd   Thumb Code   350  queue.o(i.xQueueGenericSend)
    xQueueGenericSendFromISR                 0x08007185   Thumb Code   188  queue.o(i.xQueueGenericSendFromISR)
    xQueueReceiveFromISR                     0x08007265   Thumb Code   144  queue.o(i.xQueueReceiveFromISR)
    xTaskCheckForTimeOut                     0x08007319   Thumb Code    94  tasks.o(i.xTaskCheckForTimeOut)
    xTaskCreate                              0x080073a1   Thumb Code    86  tasks.o(i.xTaskCreate)
    xTaskGetSchedulerState                   0x080073f9   Thumb Code    22  tasks.o(i.xTaskGetSchedulerState)
    xTaskGetTickCount                        0x08007415   Thumb Code     6  tasks.o(i.xTaskGetTickCount)
    xTaskIncrementTick                       0x08007421   Thumb Code   188  tasks.o(i.xTaskIncrementTick)
    xTaskPriorityDisinherit                  0x08007509   Thumb Code   136  tasks.o(i.xTaskPriorityDisinherit)
    xTaskRemoveFromEventList                 0x080075bd   Thumb Code   102  tasks.o(i.xTaskRemoveFromEventList)
    xTaskResumeAll                           0x08007655   Thumb Code   180  tasks.o(i.xTaskResumeAll)
    xTimerCreate                             0x08007739   Thumb Code    74  timers.o(i.xTimerCreate)
    xTimerCreateTimerTask                    0x080077ad   Thumb Code    58  timers.o(i.xTimerCreateTimerTask)
    xTimerGenericCommand                     0x08007821   Thumb Code    98  timers.o(i.xTimerGenericCommand)
    __aeabi_d2uiz                            0x080078b1   Thumb Code     0  dfixu.o(x$fpl$dfixu)
    _dfixu                                   0x080078b1   Thumb Code    90  dfixu.o(x$fpl$dfixu)
    __aeabi_ui2d                             0x0800790b   Thumb Code     0  dflt_clz.o(x$fpl$dfltu)
    _dfltu                                   0x0800790b   Thumb Code    38  dflt_clz.o(x$fpl$dfltu)
    __aeabi_dmul                             0x08007931   Thumb Code     0  dmul.o(x$fpl$dmul)
    _dmul                                    0x08007931   Thumb Code   332  dmul.o(x$fpl$dmul)
    __fpl_dnaninf                            0x08007a85   Thumb Code   156  dnaninf.o(x$fpl$dnaninf)
    __fpl_dretinf                            0x08007b21   Thumb Code    12  dretinf.o(x$fpl$dretinf)
    _fp_init                                 0x08007b2d   Thumb Code    10  fpinit.o(x$fpl$fpinit)
    __fplib_config_fpu_vfp                   0x08007b35   Thumb Code     0  fpinit.o(x$fpl$fpinit)
    __fplib_config_pureend_doubles           0x08007b35   Thumb Code     0  fpinit.o(x$fpl$fpinit)
    __I$use$fp                               0x08007b36   Number         0  usenofp.o(x$fpl$usenofp)
    asc2_1206                                0x08007b36   Data        1140  lcd.o(.constdata)
    asc2_1608                                0x08007faa   Data        1520  lcd.o(.constdata)
    asc2_2412                                0x0800859a   Data        3420  lcd.o(.constdata)
    memtblsize                               0x080092f8   Data          12  malloc.o(.constdata)
    memblksize                               0x08009304   Data          12  malloc.o(.constdata)
    memsize                                  0x08009310   Data          12  malloc.o(.constdata)
    Region$$Table$$Base                      0x08009344   Number         0  anon$$obj.o(Region$$Table)
    Region$$Table$$Limit                     0x08009364   Number         0  anon$$obj.o(Region$$Table)
    mem3base                                 0x10000000   Data       61440  malloc.o(.ARM.__AT_0x10000000)
    mem3mapbase                              0x1000f000   Data        3840  malloc.o(.ARM.__AT_0x1000F000)
    StartTask_Handler                        0x20000000   Data           4  main.o(.data)
    Task1Task_Handler                        0x20000004   Data           4  main.o(.data)
    Task2Task_Handler                        0x20000008   Data           4  main.o(.data)
    Keyprocess_Handler                       0x2000000c   Data           4  main.o(.data)
    Key_Queue                                0x20000010   Data           4  main.o(.data)
    Message_Queue                            0x20000014   Data           4  main.o(.data)
    lcd_discolor                             0x20000018   Data          56  main.o(.data)
    SystemCoreClock                          0x20000050   Data           4  system_stm32f4xx.o(.data)
    AHBPrescTable                            0x20000054   Data          16  system_stm32f4xx.o(.data)
    FreeRTOSRunTimeTicks                     0x20000068   Data           8  timer.o(.data)
    POINT_COLOR                              0x20000070   Data           2  lcd.o(.data)
    BACK_COLOR                               0x20000072   Data           2  lcd.o(.data)
    USART_RX_STA                             0x2000007a   Data           2  usart.o(.data)
    __stdout                                 0x2000007c   Data           4  usart.o(.data)
    mallco_dev                               0x20000090   Data          36  malloc.o(.data)
    pxCurrentTCB                             0x200000b4   Data           4  tasks.o(.data)
    stTestStruct_Queue                       0x20000130   Data          20  main.o(.bss)
    lcddev                                   0x20000144   Data          14  lcd.o(.bss)
    USART_RX_BUF                             0x20000152   Data          50  usart.o(.bss)
    mem1base                                 0x200001a0   Data       61440  malloc.o(.bss)
    mem1mapbase                              0x2000f1a0   Data        3840  malloc.o(.bss)
    xQueueRegistry                           0x200100a0   Data          64  queue.o(.bss)
    __libspace_start                         0x200153ec   Data          96  libspace.o(.bss)
    __temporary_stack_top$libspace           0x2001544c   Data           0  libspace.o(.bss)
    mem2base                                 0x68000000   Data       983040  malloc.o(.ARM.__AT_0x68000000)
    mem2mapbase                              0x680f0000   Data       61440  malloc.o(.ARM.__AT_0x680F0000)



==============================================================================

Memory Map of the image

  Image Entry point : 0x08000189

  Load Region LR_IROM1 (Base: 0x08000000, Size: 0x00009494, Max: 0x00100000, ABSOLUTE, COMPRESSED[0x000093c0])

    Execution Region ER_IROM1 (Exec base: 0x08000000, Load base: 0x08000000, Size: 0x00009364, Max: 0x00100000, ABSOLUTE)

    Exec Addr    Load Addr    Size         Type   Attr      Idx    E Section Name        Object

    0x08000000   0x08000000   0x00000188   Data   RO          874    RESET               startup_stm32f40_41xxx.o
    0x08000188   0x08000188   0x00000008   Code   RO         3470  * !!!main             c_w.l(__main.o)
    0x08000190   0x08000190   0x00000034   Code   RO         3665    !!!scatter          c_w.l(__scatter.o)
    0x080001c4   0x080001c4   0x0000005a   Code   RO         3663    !!dczerorl2         c_w.l(__dczerorl2.o)
    0x0800021e   0x0800021e   0x00000002   PAD
    0x08000220   0x08000220   0x0000001c   Code   RO         3667    !!handler_zi        c_w.l(__scatter_zi.o)
    0x0800023c   0x0800023c   0x00000000   Code   RO         3457    .ARM.Collect$$_printf_percent$$00000000  c_w.l(_printf_percent.o)
    0x0800023c   0x0800023c   0x00000006   Code   RO         3455    .ARM.Collect$$_printf_percent$$00000009  c_w.l(_printf_d.o)
    0x08000242   0x08000242   0x00000006   Code   RO         3454    .ARM.Collect$$_printf_percent$$0000000C  c_w.l(_printf_x.o)
    0x08000248   0x08000248   0x00000006   Code   RO         3453    .ARM.Collect$$_printf_percent$$00000014  c_w.l(_printf_s.o)
    0x0800024e   0x0800024e   0x00000004   Code   RO         3497    .ARM.Collect$$_printf_percent$$00000017  c_w.l(_printf_percent_end.o)
    0x08000252   0x08000252   0x00000002   Code   RO         3537    .ARM.Collect$$libinit$$00000000  c_w.l(libinit.o)
    0x08000254   0x08000254   0x00000004   Code   RO         3543    .ARM.Collect$$libinit$$00000001  c_w.l(libinit2.o)
    0x08000258   0x08000258   0x00000000   Code   RO         3546    .ARM.Collect$$libinit$$00000004  c_w.l(libinit2.o)
    0x08000258   0x08000258   0x00000000   Code   RO         3549    .ARM.Collect$$libinit$$0000000A  c_w.l(libinit2.o)
    0x08000258   0x08000258   0x00000000   Code   RO         3551    .ARM.Collect$$libinit$$0000000C  c_w.l(libinit2.o)
    0x08000258   0x08000258   0x00000000   Code   RO         3553    .ARM.Collect$$libinit$$0000000E  c_w.l(libinit2.o)
    0x08000258   0x08000258   0x00000000   Code   RO         3556    .ARM.Collect$$libinit$$00000011  c_w.l(libinit2.o)
    0x08000258   0x08000258   0x00000000   Code   RO         3558    .ARM.Collect$$libinit$$00000013  c_w.l(libinit2.o)
    0x08000258   0x08000258   0x00000000   Code   RO         3560    .ARM.Collect$$libinit$$00000015  c_w.l(libinit2.o)
    0x08000258   0x08000258   0x00000000   Code   RO         3562    .ARM.Collect$$libinit$$00000017  c_w.l(libinit2.o)
    0x08000258   0x08000258   0x00000000   Code   RO         3564    .ARM.Collect$$libinit$$00000019  c_w.l(libinit2.o)
    0x08000258   0x08000258   0x00000000   Code   RO         3566    .ARM.Collect$$libinit$$0000001B  c_w.l(libinit2.o)
    0x08000258   0x08000258   0x00000000   Code   RO         3568    .ARM.Collect$$libinit$$0000001D  c_w.l(libinit2.o)
    0x08000258   0x08000258   0x00000000   Code   RO         3570    .ARM.Collect$$libinit$$0000001F  c_w.l(libinit2.o)
    0x08000258   0x08000258   0x00000000   Code   RO         3572    .ARM.Collect$$libinit$$00000021  c_w.l(libinit2.o)
    0x08000258   0x08000258   0x00000000   Code   RO         3574    .ARM.Collect$$libinit$$00000023  c_w.l(libinit2.o)
    0x08000258   0x08000258   0x00000000   Code   RO         3576    .ARM.Collect$$libinit$$00000025  c_w.l(libinit2.o)
    0x08000258   0x08000258   0x00000000   Code   RO         3580    .ARM.Collect$$libinit$$0000002C  c_w.l(libinit2.o)
    0x08000258   0x08000258   0x00000000   Code   RO         3582    .ARM.Collect$$libinit$$0000002E  c_w.l(libinit2.o)
    0x08000258   0x08000258   0x00000000   Code   RO         3584    .ARM.Collect$$libinit$$00000030  c_w.l(libinit2.o)
    0x08000258   0x08000258   0x00000000   Code   RO         3586    .ARM.Collect$$libinit$$00000032  c_w.l(libinit2.o)
    0x08000258   0x08000258   0x00000002   Code   RO         3587    .ARM.Collect$$libinit$$00000033  c_w.l(libinit2.o)
    0x0800025a   0x0800025a   0x00000002   Code   RO         3605    .ARM.Collect$$libshutdown$$00000000  c_w.l(libshutdown.o)
    0x0800025c   0x0800025c   0x00000000   Code   RO         3615    .ARM.Collect$$libshutdown$$00000002  c_w.l(libshutdown2.o)
    0x0800025c   0x0800025c   0x00000000   Code   RO         3617    .ARM.Collect$$libshutdown$$00000004  c_w.l(libshutdown2.o)
    0x0800025c   0x0800025c   0x00000000   Code   RO         3620    .ARM.Collect$$libshutdown$$00000007  c_w.l(libshutdown2.o)
    0x0800025c   0x0800025c   0x00000000   Code   RO         3623    .ARM.Collect$$libshutdown$$0000000A  c_w.l(libshutdown2.o)
    0x0800025c   0x0800025c   0x00000000   Code   RO         3625    .ARM.Collect$$libshutdown$$0000000C  c_w.l(libshutdown2.o)
    0x0800025c   0x0800025c   0x00000000   Code   RO         3628    .ARM.Collect$$libshutdown$$0000000F  c_w.l(libshutdown2.o)
    0x0800025c   0x0800025c   0x00000002   Code   RO         3629    .ARM.Collect$$libshutdown$$00000010  c_w.l(libshutdown2.o)
    0x0800025e   0x0800025e   0x00000000   Code   RO         3486    .ARM.Collect$$rtentry$$00000000  c_w.l(__rtentry.o)
    0x0800025e   0x0800025e   0x00000000   Code   RO         3508    .ARM.Collect$$rtentry$$00000002  c_w.l(__rtentry2.o)
    0x0800025e   0x0800025e   0x00000006   Code   RO         3520    .ARM.Collect$$rtentry$$00000004  c_w.l(__rtentry4.o)
    0x08000264   0x08000264   0x00000000   Code   RO         3510    .ARM.Collect$$rtentry$$00000009  c_w.l(__rtentry2.o)
    0x08000264   0x08000264   0x00000004   Code   RO         3511    .ARM.Collect$$rtentry$$0000000A  c_w.l(__rtentry2.o)
    0x08000268   0x08000268   0x00000000   Code   RO         3513    .ARM.Collect$$rtentry$$0000000C  c_w.l(__rtentry2.o)
    0x08000268   0x08000268   0x00000008   Code   RO         3514    .ARM.Collect$$rtentry$$0000000D  c_w.l(__rtentry2.o)
    0x08000270   0x08000270   0x00000002   Code   RO         3541    .ARM.Collect$$rtexit$$00000000  c_w.l(rtexit.o)
    0x08000272   0x08000272   0x00000000   Code   RO         3589    .ARM.Collect$$rtexit$$00000002  c_w.l(rtexit2.o)
    0x08000272   0x08000272   0x00000004   Code   RO         3590    .ARM.Collect$$rtexit$$00000003  c_w.l(rtexit2.o)
    0x08000276   0x08000276   0x00000006   Code   RO         3591    .ARM.Collect$$rtexit$$00000004  c_w.l(rtexit2.o)
    0x0800027c   0x0800027c   0x000000b6   Code   RO         3253    .emb_text           port.o
    0x08000332   0x08000332   0x00000002   PAD
    0x08000334   0x08000334   0x00000040   Code   RO          875    .text               startup_stm32f40_41xxx.o
    0x08000374   0x08000374   0x00000002   Code   RO         3395    .text               c_w.l(use_no_semi_2.o)
    0x08000376   0x08000376   0x00000002   PAD
    0x08000378   0x08000378   0x00000018   Code   RO         3401    .text               c_w.l(noretval__2printf.o)
    0x08000390   0x08000390   0x00000028   Code   RO         3403    .text               c_w.l(noretval__2sprintf.o)
    0x080003b8   0x080003b8   0x00000068   Code   RO         3405    .text               c_w.l(__printf.o)
    0x08000420   0x08000420   0x00000052   Code   RO         3407    .text               c_w.l(_printf_str.o)
    0x08000472   0x08000472   0x00000002   PAD
    0x08000474   0x08000474   0x00000078   Code   RO         3409    .text               c_w.l(_printf_dec.o)
    0x080004ec   0x080004ec   0x00000058   Code   RO         3414    .text               c_w.l(_printf_hex_int.o)
    0x08000544   0x08000544   0x0000008a   Code   RO         3462    .text               c_w.l(rt_memcpy_v6.o)
    0x080005ce   0x080005ce   0x00000010   Code   RO         3464    .text               c_w.l(aeabi_memset.o)
    0x080005de   0x080005de   0x00000044   Code   RO         3466    .text               c_w.l(rt_memclr.o)
    0x08000622   0x08000622   0x00000006   Code   RO         3468    .text               c_w.l(heapauxi.o)
    0x08000628   0x08000628   0x00000002   Code   RO         3484    .text               c_w.l(use_no_semi.o)
    0x0800062a   0x0800062a   0x000000b2   Code   RO         3487    .text               c_w.l(_printf_intcommon.o)
    0x080006dc   0x080006dc   0x00000030   Code   RO         3489    .text               c_w.l(_printf_char_common.o)
    0x0800070c   0x0800070c   0x0000000a   Code   RO         3491    .text               c_w.l(_sputc.o)
    0x08000716   0x08000716   0x0000002c   Code   RO         3493    .text               c_w.l(_printf_char.o)
    0x08000742   0x08000742   0x00000002   PAD
    0x08000744   0x08000744   0x00000024   Code   RO         3495    .text               c_w.l(_printf_char_file.o)
    0x08000768   0x08000768   0x00000064   Code   RO         3498    .text               c_w.l(rt_memcpy_w.o)
    0x080007cc   0x080007cc   0x0000004e   Code   RO         3500    .text               c_w.l(rt_memclr_w.o)
    0x0800081a   0x0800081a   0x00000008   Code   RO         3524    .text               c_w.l(ferror.o)
    0x08000822   0x08000822   0x0000004a   Code   RO         3528    .text               c_w.l(sys_stackheap_outer.o)
    0x0800086c   0x0800086c   0x00000012   Code   RO         3530    .text               c_w.l(exit.o)
    0x0800087e   0x0800087e   0x00000002   PAD
    0x08000880   0x08000880   0x00000008   Code   RO         3538    .text               c_w.l(libspace.o)
    0x08000888   0x08000888   0x00000040   Code   RO          680    i.BEEP_Init         beep.o
    0x080008c8   0x080008c8   0x00000002   Code   RO          250    i.BusFault_Handler  stm32f4xx_it.o
    0x080008ca   0x080008ca   0x00000002   PAD
    0x080008cc   0x080008cc   0x00000014   Code   RO          386    i.ConfigureTimeForRunTimeStats  timer.o
    0x080008e0   0x080008e0   0x00000002   Code   RO          251    i.DebugMon_Handler  stm32f4xx_it.o
    0x080008e2   0x080008e2   0x00000002   PAD
    0x080008e4   0x080008e4   0x00000020   Code   RO         2159    i.FSMC_NORSRAMCmd   stm32f4xx_fsmc.o
    0x08000904   0x08000904   0x000000c8   Code   RO         2161    i.FSMC_NORSRAMInit  stm32f4xx_fsmc.o
    0x080009cc   0x080009cc   0x00000078   Code   RO          926    i.GPIO_Init         stm32f4xx_gpio.o
    0x08000a44   0x08000a44   0x00000020   Code   RO          927    i.GPIO_PinAFConfig  stm32f4xx_gpio.o
    0x08000a64   0x08000a64   0x0000000e   Code   RO          930    i.GPIO_ReadInputDataBit  stm32f4xx_gpio.o
    0x08000a72   0x08000a72   0x00000004   Code   RO          933    i.GPIO_ResetBits    stm32f4xx_gpio.o
    0x08000a76   0x08000a76   0x00000004   Code   RO          934    i.GPIO_SetBits      stm32f4xx_gpio.o
    0x08000a7a   0x08000a7a   0x00000002   Code   RO          252    i.HardFault_Handler  stm32f4xx_it.o
    0x08000a7c   0x08000a7c   0x00000044   Code   RO          653    i.KEY_Init          key.o
    0x08000ac0   0x08000ac0   0x000000cc   Code   RO          654    i.KEY_Scan          key.o
    0x08000b8c   0x08000b8c   0x000000c0   Code   RO            3    i.Keyprocess_task   main.o
    0x08000c4c   0x08000c4c   0x0000006c   Code   RO          445    i.LCD_Clear         lcd.o
    0x08000cb8   0x08000cb8   0x00000134   Code   RO          449    i.LCD_Display_Dir   lcd.o
    0x08000dec   0x08000dec   0x00000096   Code   RO          450    i.LCD_DrawLine      lcd.o
    0x08000e82   0x08000e82   0x00000002   PAD
    0x08000e84   0x08000e84   0x0000001c   Code   RO          451    i.LCD_DrawPoint     lcd.o
    0x08000ea0   0x08000ea0   0x00000038   Code   RO          452    i.LCD_DrawRectangle  lcd.o
    0x08000ed8   0x08000ed8   0x00000110   Code   RO          454    i.LCD_Fast_DrawPoint  lcd.o
    0x08000fe8   0x08000fe8   0x0000008c   Code   RO          455    i.LCD_Fill          lcd.o
    0x08001074   0x08001074   0x00003724   Code   RO          456    i.LCD_Init          lcd.o
    0x08004798   0x08004798   0x00000014   Code   RO          458    i.LCD_RD_DATA       lcd.o
    0x080047ac   0x080047ac   0x00000014   Code   RO          460    i.LCD_ReadReg       lcd.o
    0x080047c0   0x080047c0   0x00000050   Code   RO          461    i.LCD_SSD_BackLightSet  lcd.o
    0x08004810   0x08004810   0x00000204   Code   RO          462    i.LCD_Scan_Dir      lcd.o
    0x08004a14   0x08004a14   0x00000150   Code   RO          463    i.LCD_SetCursor     lcd.o
    0x08004b64   0x08004b64   0x000000cc   Code   RO          465    i.LCD_ShowChar      lcd.o
    0x08004c30   0x08004c30   0x00000054   Code   RO          467    i.LCD_ShowString    lcd.o
    0x08004c84   0x08004c84   0x00000018   Code   RO          469    i.LCD_WR_DATA       lcd.o
    0x08004c9c   0x08004c9c   0x00000018   Code   RO          470    i.LCD_WR_REG        lcd.o
    0x08004cb4   0x08004cb4   0x00000014   Code   RO          472    i.LCD_WriteRAM_Prepare  lcd.o
    0x08004cc8   0x08004cc8   0x0000000c   Code   RO          473    i.LCD_WriteReg      lcd.o
    0x08004cd4   0x08004cd4   0x00000040   Code   RO          366    i.LED_Init          led.o
    0x08004d14   0x08004d14   0x00000002   Code   RO          253    i.MemManage_Handler  stm32f4xx_it.o
    0x08004d16   0x08004d16   0x00000002   Code   RO          254    i.NMI_Handler       stm32f4xx_it.o
    0x08004d18   0x08004d18   0x00000064   Code   RO          881    i.NVIC_Init         misc.o
    0x08004d7c   0x08004d7c   0x00000014   Code   RO          882    i.NVIC_PriorityGroupConfig  misc.o
    0x08004d90   0x08004d90   0x00000018   Code   RO         1023    i.RCC_AHB1PeriphClockCmd  stm32f4xx_rcc.o
    0x08004da8   0x08004da8   0x00000018   Code   RO         1029    i.RCC_AHB3PeriphClockCmd  stm32f4xx_rcc.o
    0x08004dc0   0x08004dc0   0x00000018   Code   RO         1032    i.RCC_APB1PeriphClockCmd  stm32f4xx_rcc.o
    0x08004dd8   0x08004dd8   0x00000018   Code   RO         1035    i.RCC_APB2PeriphClockCmd  stm32f4xx_rcc.o
    0x08004df0   0x08004df0   0x00000090   Code   RO         1044    i.RCC_GetClocksFreq  stm32f4xx_rcc.o
    0x08004e80   0x08004e80   0x000000b4   Code   RO          329    i.SetSysClock       system_stm32f4xx.o
    0x08004f34   0x08004f34   0x00000018   Code   RO          885    i.SysTick_CLKSourceConfig  misc.o
    0x08004f4c   0x08004f4c   0x00000014   Code   RO          746    i.SysTick_Handler   delay.o
    0x08004f60   0x08004f60   0x0000005c   Code   RO          331    i.SystemInit        system_stm32f4xx.o
    0x08004fbc   0x08004fbc   0x00000074   Code   RO          387    i.TIM1_BRK_TIM9_IRQHandler  timer.o
    0x08005030   0x08005030   0x00000034   Code   RO          388    i.TIM3_IRQHandler   timer.o
    0x08005064   0x08005064   0x0000005c   Code   RO          389    i.TIM3_Int_Init     timer.o
    0x080050c0   0x080050c0   0x0000005c   Code   RO          390    i.TIM9_Int_Init     timer.o
    0x0800511c   0x0800511c   0x00000006   Code   RO         1610    i.TIM_ClearITPendingBit  stm32f4xx_tim.o
    0x08005122   0x08005122   0x00000014   Code   RO         1615    i.TIM_Cmd           stm32f4xx_tim.o
    0x08005136   0x08005136   0x00000018   Code   RO         1636    i.TIM_GetITStatus   stm32f4xx_tim.o
    0x0800514e   0x0800514e   0x00000010   Code   RO         1640    i.TIM_ITConfig      stm32f4xx_tim.o
    0x0800515e   0x0800515e   0x00000002   PAD
    0x08005160   0x08005160   0x0000007c   Code   RO         1687    i.TIM_TimeBaseInit  stm32f4xx_tim.o
    0x080051dc   0x080051dc   0x000000a0   Code   RO          820    i.USART1_IRQHandler  usart.o
    0x0800527c   0x0800527c   0x00000014   Code   RO         1417    i.USART_Cmd         stm32f4xx_usart.o
    0x08005290   0x08005290   0x0000003e   Code   RO         1421    i.USART_GetITStatus  stm32f4xx_usart.o
    0x080052ce   0x080052ce   0x00000030   Code   RO         1423    i.USART_ITConfig    stm32f4xx_usart.o
    0x080052fe   0x080052fe   0x00000002   PAD
    0x08005300   0x08005300   0x000000ac   Code   RO         1424    i.USART_Init        stm32f4xx_usart.o
    0x080053ac   0x080053ac   0x00000008   Code   RO         1431    i.USART_ReceiveData  stm32f4xx_usart.o
    0x080053b4   0x080053b4   0x00000002   Code   RO          255    i.UsageFault_Handler  stm32f4xx_it.o
    0x080053b6   0x080053b6   0x00000002   Code   RO          821    i._sys_exit         usart.o
    0x080053b8   0x080053b8   0x00000094   Code   RO            4    i.check_msg_queue   main.o
    0x0800544c   0x0800544c   0x00000038   Code   RO          747    i.delay_init        delay.o
    0x08005484   0x08005484   0x00000038   Code   RO          748    i.delay_ms          delay.o
    0x080054bc   0x080054bc   0x00000034   Code   RO          749    i.delay_us          delay.o
    0x080054f0   0x080054f0   0x0000002a   Code   RO            5    i.disp_str          main.o
    0x0800551a   0x0800551a   0x00000002   PAD
    0x0800551c   0x0800551c   0x00000014   Code   RO          822    i.fputc             usart.o
    0x08005530   0x08005530   0x00000170   Code   RO            6    i.freertos_load_main_ui  main.o
    0x080056a0   0x080056a0   0x00000070   Code   RO            7    i.main              main.o
    0x08005710   0x08005710   0x00000058   Code   RO         2279    i.my_mem_free       malloc.o
    0x08005768   0x08005768   0x0000003c   Code   RO         2280    i.my_mem_init       malloc.o
    0x080057a4   0x080057a4   0x0000008c   Code   RO         2281    i.my_mem_malloc     malloc.o
    0x08005830   0x08005830   0x00000038   Code   RO         2282    i.my_mem_perused    malloc.o
    0x08005868   0x08005868   0x00000018   Code   RO         2283    i.myfree            malloc.o
    0x08005880   0x08005880   0x00000020   Code   RO         2284    i.mymalloc          malloc.o
    0x080058a0   0x080058a0   0x0000000c   Code   RO         2286    i.mymemset          malloc.o
    0x080058ac   0x080058ac   0x00000070   Code   RO         2761    i.prvAddCurrentTaskToDelayedList  tasks.o
    0x0800591c   0x0800591c   0x000000d0   Code   RO         2762    i.prvAddNewTaskToReadyList  tasks.o
    0x080059ec   0x080059ec   0x00000050   Code   RO         3125    i.prvCheckForValidListAndQueue  timers.o
    0x08005a3c   0x08005a3c   0x00000054   Code   RO         2763    i.prvCheckTasksWaitingTermination  tasks.o
    0x08005a90   0x08005a90   0x00000026   Code   RO         2535    i.prvCopyDataFromQueue  queue.o
    0x08005ab6   0x08005ab6   0x0000006c   Code   RO         2536    i.prvCopyDataToQueue  queue.o
    0x08005b22   0x08005b22   0x00000014   Code   RO         2764    i.prvDeleteTCB      tasks.o
    0x08005b36   0x08005b36   0x00000002   PAD
    0x08005b38   0x08005b38   0x0000004c   Code   RO         3338    i.prvHeapInit       heap_4.o
    0x08005b84   0x08005b84   0x00000028   Code   RO         2765    i.prvIdleTask       tasks.o
    0x08005bac   0x08005bac   0x000000c0   Code   RO         2766    i.prvInitialiseNewTask  tasks.o
    0x08005c6c   0x08005c6c   0x0000004c   Code   RO         3339    i.prvInsertBlockIntoFreeList  heap_4.o
    0x08005cb8   0x08005cb8   0x00000038   Code   RO         3126    i.prvInsertTimerInActiveList  timers.o
    0x08005cf0   0x08005cf0   0x0000001a   Code   RO         2537    i.prvIsQueueEmpty   queue.o
    0x08005d0a   0x08005d0a   0x00000002   PAD
    0x08005d0c   0x08005d0c   0x00000090   Code   RO         2538    i.prvNotifyQueueSetContainer  queue.o
    0x08005d9c   0x08005d9c   0x00000060   Code   RO         3127    i.prvProcessExpiredTimer  timers.o
    0x08005dfc   0x08005dfc   0x000000f0   Code   RO         3128    i.prvProcessReceivedCommands  timers.o
    0x08005eec   0x08005eec   0x0000006c   Code   RO         3129    i.prvProcessTimerOrBlockTask  timers.o
    0x08005f58   0x08005f58   0x00000020   Code   RO         2768    i.prvResetNextTaskUnblockTime  tasks.o
    0x08005f78   0x08005f78   0x00000028   Code   RO         3130    i.prvSampleTimeNow  timers.o
    0x08005fa0   0x08005fa0   0x0000006c   Code   RO         3131    i.prvSwitchTimerLists  timers.o
    0x0800600c   0x0800600c   0x00000064   Code   RO         3254    i.prvTaskExitError  port.o
    0x08006070   0x08006070   0x00000028   Code   RO         3132    i.prvTimerTask      timers.o
    0x08006098   0x08006098   0x00000078   Code   RO         2539    i.prvUnlockQueue    queue.o
    0x08006110   0x08006110   0x00000114   Code   RO         3340    i.pvPortMalloc      heap_4.o
    0x08006224   0x08006224   0x00000018   Code   RO         2771    i.pvTaskIncrementMutexHeldCount  tasks.o
    0x0800623c   0x0800623c   0x0000002c   Code   RO         3255    i.pxPortInitialiseStack  port.o
    0x08006268   0x08006268   0x000000a8   Code   RO            8    i.start_task        main.o
    0x08006310   0x08006310   0x000000ac   Code   RO            9    i.task1_task        main.o
    0x080063bc   0x080063bc   0x0000000c   Code   RO           10    i.task2_task        main.o
    0x080063c8   0x080063c8   0x000000ac   Code   RO          823    i.uart_init         usart.o
    0x08006474   0x08006474   0x00000024   Code   RO         2490    i.uxListRemove      list.o
    0x08006498   0x08006498   0x00000044   Code   RO         2542    i.uxQueueMessagesWaiting  queue.o
    0x080064dc   0x080064dc   0x00000048   Code   RO         2544    i.uxQueueSpacesAvailable  queue.o
    0x08006524   0x08006524   0x00000016   Code   RO         2491    i.vListInitialise   list.o
    0x0800653a   0x0800653a   0x00000006   Code   RO         2492    i.vListInitialiseItem  list.o
    0x08006540   0x08006540   0x00000030   Code   RO         2493    i.vListInsert       list.o
    0x08006570   0x08006570   0x00000018   Code   RO         2494    i.vListInsertEnd    list.o
    0x08006588   0x08006588   0x00000078   Code   RO         3257    i.vPortEnterCritical  port.o
    0x08006600   0x08006600   0x00000064   Code   RO         3258    i.vPortExitCritical  port.o
    0x08006664   0x08006664   0x0000009c   Code   RO         3341    i.vPortFree         heap_4.o
    0x08006700   0x08006700   0x00000020   Code   RO         3259    i.vPortSetupTimerInterrupt  port.o
    0x08006720   0x08006720   0x0000008c   Code   RO         3260    i.vPortValidateInterruptPriority  port.o
    0x080067ac   0x080067ac   0x00000024   Code   RO         2545    i.vQueueAddToRegistry  queue.o
    0x080067d0   0x080067d0   0x00000044   Code   RO         2549    i.vQueueWaitForMessageRestricted  queue.o
    0x08006814   0x08006814   0x0000006c   Code   RO         2779    i.vTaskDelay        tasks.o
    0x08006880   0x08006880   0x000000cc   Code   RO         2781    i.vTaskDelete       tasks.o
    0x0800694c   0x0800694c   0x0000000c   Code   RO         2786    i.vTaskMissedYield  tasks.o
    0x08006958   0x08006958   0x00000054   Code   RO         2788    i.vTaskPlaceOnEventList  tasks.o
    0x080069ac   0x080069ac   0x0000005c   Code   RO         2789    i.vTaskPlaceOnEventListRestricted  tasks.o
    0x08006a08   0x08006a08   0x00000084   Code   RO         2791    i.vTaskPriorityInherit  tasks.o
    0x08006a8c   0x08006a8c   0x00000048   Code   RO         2795    i.vTaskSetTimeOutState  tasks.o
    0x08006ad4   0x08006ad4   0x00000098   Code   RO         2796    i.vTaskStartScheduler  tasks.o
    0x08006b6c   0x08006b6c   0x00000010   Code   RO         2798    i.vTaskSuspendAll   tasks.o
    0x08006b7c   0x08006b7c   0x0000009c   Code   RO         2799    i.vTaskSwitchContext  tasks.o
    0x08006c18   0x08006c18   0x00000114   Code   RO         3261    i.xPortStartScheduler  port.o
    0x08006d2c   0x08006d2c   0x0000002c   Code   RO         3262    i.xPortSysTickHandler  port.o
    0x08006d58   0x08006d58   0x00000078   Code   RO         2554    i.xQueueGenericCreate  queue.o
    0x08006dd0   0x08006dd0   0x00000184   Code   RO         2555    i.xQueueGenericReceive  queue.o
    0x08006f54   0x08006f54   0x000000a8   Code   RO         2556    i.xQueueGenericReset  queue.o
    0x08006ffc   0x08006ffc   0x00000188   Code   RO         2557    i.xQueueGenericSend  queue.o
    0x08007184   0x08007184   0x000000e0   Code   RO         2558    i.xQueueGenericSendFromISR  queue.o
    0x08007264   0x08007264   0x000000b4   Code   RO         2564    i.xQueueReceiveFromISR  queue.o
    0x08007318   0x08007318   0x00000088   Code   RO         2800    i.xTaskCheckForTimeOut  tasks.o
    0x080073a0   0x080073a0   0x00000056   Code   RO         2801    i.xTaskCreate       tasks.o
    0x080073f6   0x080073f6   0x00000002   PAD
    0x080073f8   0x080073f8   0x0000001c   Code   RO         2805    i.xTaskGetSchedulerState  tasks.o
    0x08007414   0x08007414   0x0000000c   Code   RO         2806    i.xTaskGetTickCount  tasks.o
    0x08007420   0x08007420   0x000000e8   Code   RO         2808    i.xTaskIncrementTick  tasks.o
    0x08007508   0x08007508   0x000000b4   Code   RO         2811    i.xTaskPriorityDisinherit  tasks.o
    0x080075bc   0x080075bc   0x00000098   Code   RO         2812    i.xTaskRemoveFromEventList  tasks.o
    0x08007654   0x08007654   0x000000e4   Code   RO         2814    i.xTaskResumeAll    tasks.o
    0x08007738   0x08007738   0x00000074   Code   RO         3135    i.xTimerCreate      timers.o
    0x080077ac   0x080077ac   0x00000074   Code   RO         3136    i.xTimerCreateTimerTask  timers.o
    0x08007820   0x08007820   0x00000090   Code   RO         3137    i.xTimerGenericCommand  timers.o
    0x080078b0   0x080078b0   0x0000005a   Code   RO         3472    x$fpl$dfixu         fz_wm.l(dfixu.o)
    0x0800790a   0x0800790a   0x00000026   Code   RO         3476    x$fpl$dfltu         fz_wm.l(dflt_clz.o)
    0x08007930   0x08007930   0x00000154   Code   RO         3482    x$fpl$dmul          fz_wm.l(dmul.o)
    0x08007a84   0x08007a84   0x0000009c   Code   RO         3502    x$fpl$dnaninf       fz_wm.l(dnaninf.o)
    0x08007b20   0x08007b20   0x0000000c   Code   RO         3504    x$fpl$dretinf       fz_wm.l(dretinf.o)
    0x08007b2c   0x08007b2c   0x0000000a   Code   RO         3597    x$fpl$fpinit        fz_wm.l(fpinit.o)
    0x08007b36   0x08007b36   0x00000000   Code   RO         3506    x$fpl$usenofp       fz_wm.l(usenofp.o)
    0x08007b36   0x08007b36   0x000017c0   Data   RO          476    .constdata          lcd.o
    0x080092f6   0x080092f6   0x00000002   PAD
    0x080092f8   0x080092f8   0x00000024   Data   RO         2294    .constdata          malloc.o
    0x0800931c   0x0800931c   0x00000028   Data   RO         3415    .constdata          c_w.l(_printf_hex_int.o)
    0x08009344   0x08009344   0x00000020   Data   RO         3661    Region$$Table       anon$$obj.o


    Execution Region RW_IRAM1 (Exec base: 0x20000000, Load base: 0x08009364, Size: 0x00015a50, Max: 0x00020000, ABSOLUTE, COMPRESSED[0x0000005c])

    Exec Addr    Load Addr    Size         Type   Attr      Idx    E Section Name        Object

    0x20000000   COMPRESSED   0x00000050   Data   RW           12    .data               main.o
    0x20000050   COMPRESSED   0x00000014   Data   RW          332    .data               system_stm32f4xx.o
    0x20000064   COMPRESSED   0x00000004   PAD
    0x20000068   COMPRESSED   0x00000008   Data   RW          391    .data               timer.o
    0x20000070   COMPRESSED   0x00000004   Data   RW          477    .data               lcd.o
    0x20000074   COMPRESSED   0x00000001   Data   RW          655    .data               key.o
    0x20000075   COMPRESSED   0x00000001   PAD
    0x20000076   COMPRESSED   0x00000004   Data   RW          751    .data               delay.o
    0x2000007a   COMPRESSED   0x00000002   Data   RW          825    .data               usart.o
    0x2000007c   COMPRESSED   0x00000004   Data   RW          826    .data               usart.o
    0x20000080   COMPRESSED   0x00000010   Data   RW         1076    .data               stm32f4xx_rcc.o
    0x20000090   COMPRESSED   0x00000024   Data   RW         2295    .data               malloc.o
    0x200000b4   COMPRESSED   0x00000044   Data   RW         2817    .data               tasks.o
    0x200000f8   COMPRESSED   0x00000014   Data   RW         3145    .data               timers.o
    0x2000010c   COMPRESSED   0x0000000c   Data   RW         3263    .data               port.o
    0x20000118   COMPRESSED   0x00000018   Data   RW         3346    .data               heap_4.o
    0x20000130        -       0x00000014   Zero   RW           11    .bss                main.o
    0x20000144        -       0x0000000e   Zero   RW          475    .bss                lcd.o
    0x20000152        -       0x00000032   Zero   RW          824    .bss                usart.o
    0x20000184   COMPRESSED   0x0000001c   PAD
    0x200001a0        -       0x0000f000   Zero   RW         2292    .bss                malloc.o
    0x2000f1a0        -       0x00000f00   Zero   RW         2293    .bss                malloc.o
    0x200100a0        -       0x00000040   Zero   RW         2569    .bss                queue.o
    0x200100e0        -       0x000002e4   Zero   RW         2816    .bss                tasks.o
    0x200103c4        -       0x00000028   Zero   RW         3144    .bss                timers.o
    0x200103ec        -       0x00005000   Zero   RW         3345    .bss                heap_4.o
    0x200153ec        -       0x00000060   Zero   RW         3539    .bss                c_w.l(libspace.o)
    0x2001544c   COMPRESSED   0x00000004   PAD
    0x20015450        -       0x00000200   Zero   RW          873    HEAP                startup_stm32f40_41xxx.o
    0x20015650        -       0x00000400   Zero   RW          872    STACK               startup_stm32f40_41xxx.o



  Load Region LR$$.ARM.__AT_0x10000000 (Base: 0x10000000, Size: 0x00000000, Max: 0x0000f000, ABSOLUTE)

    Execution Region ER$$.ARM.__AT_0x10000000 (Exec base: 0x10000000, Load base: 0x10000000, Size: 0x0000f000, Max: 0x0000f000, ABSOLUTE, UNINIT)

    Exec Addr    Load Addr    Size         Type   Attr      Idx    E Section Name        Object

    0x10000000        -       0x0000f000   Zero   RW         2288    .ARM.__AT_0x10000000  malloc.o



  Load Region LR$$.ARM.__AT_0x1000F000 (Base: 0x1000f000, Size: 0x00000000, Max: 0x00000f00, ABSOLUTE)

    Execution Region ER$$.ARM.__AT_0x1000F000 (Exec base: 0x1000f000, Load base: 0x1000f000, Size: 0x00000f00, Max: 0x00000f00, ABSOLUTE, UNINIT)

    Exec Addr    Load Addr    Size         Type   Attr      Idx    E Section Name        Object

    0x1000f000        -       0x00000f00   Zero   RW         2289    .ARM.__AT_0x1000F000  malloc.o



  Load Region LR$$.ARM.__AT_0x68000000 (Base: 0x68000000, Size: 0x00000000, Max: 0x000f0000, ABSOLUTE)

    Execution Region ER$$.ARM.__AT_0x68000000 (Exec base: 0x68000000, Load base: 0x68000000, Size: 0x000f0000, Max: 0x000f0000, ABSOLUTE, UNINIT)

    Exec Addr    Load Addr    Size         Type   Attr      Idx    E Section Name        Object

    0x68000000        -       0x000f0000   Zero   RW         2290    .ARM.__AT_0x68000000  malloc.o



  Load Region LR$$.ARM.__AT_0x680F0000 (Base: 0x680f0000, Size: 0x00000000, Max: 0x0000f000, ABSOLUTE)

    Execution Region ER$$.ARM.__AT_0x680F0000 (Exec base: 0x680f0000, Load base: 0x680f0000, Size: 0x0000f000, Max: 0x0000f000, ABSOLUTE, UNINIT)

    Exec Addr    Load Addr    Size         Type   Attr      Idx    E Section Name        Object

    0x680f0000        -       0x0000f000   Zero   RW         2291    .ARM.__AT_0x680F0000  malloc.o


==============================================================================

Image component sizes


      Code (inc. data)   RO Data    RW Data    ZI Data      Debug   Object Name

        64          4          0          0          0        536   beep.o
       184         14          0          4          0       2521   delay.o
         0          0          0          0          0      10248   event_groups.o
       584        138          0         24      20480       4047   heap_4.o
       272         24          0          1          0       1286   key.o
     16518        138       6080          4         14      25975   lcd.o
        64          6          0          0          0        527   led.o
       136          0          0          0          0       3118   list.o
      1214        378          0         80         20     307732   main.o
       412         40         36         36    1175040       6477   malloc.o
       144         14          0          0          0       2057   misc.o
      1038        382          0         12          0      10685   port.o
      2152        344          0          0         64      15686   queue.o
        64         26        392          0       1536        832   startup_stm32f40_41xxx.o
       232          6          0          0          0       1849   stm32f4xx_fsmc.o
       174          0          0          0          0       3459   stm32f4xx_gpio.o
        12          0          0          0          0       2625   stm32f4xx_it.o
       240         36          0         16          0       5236   stm32f4xx_rcc.o
       190         28          0          0          0       4685   stm32f4xx_tim.o
       310          8          0          0          0       4362   stm32f4xx_usart.o
       272         36          0         20          0       1709   system_stm32f4xx.o
      2794        674          0         68        740      29547   tasks.o
       372         36          0          8          0       3891   timer.o
      1144        260          0         20         40       9826   timers.o
       354         36          0          6         50       4452   usart.o

    ----------------------------------------------------------------------
     28960       2628       6542        304    1198012     463368   Object Totals
         0          0         32          0          0          0   (incl. Generated)
        20          0          2          5         28          0   (incl. Padding)

    ----------------------------------------------------------------------

      Code (inc. data)   RO Data    RW Data    ZI Data      Debug   Library Member Name

        90          0          0          0          0          0   __dczerorl2.o
         8          0          0          0          0         68   __main.o
       104          0          0          0          0         84   __printf.o
         0          0          0          0          0          0   __rtentry.o
        12          0          0          0          0          0   __rtentry2.o
         6          0          0          0          0          0   __rtentry4.o
        52          8          0          0          0          0   __scatter.o
        28          0          0          0          0          0   __scatter_zi.o
        44          0          0          0          0        108   _printf_char.o
        48          6          0          0          0         96   _printf_char_common.o
        36          4          0          0          0         80   _printf_char_file.o
         6          0          0          0          0          0   _printf_d.o
       120         16          0          0          0         92   _printf_dec.o
        88          4         40          0          0         88   _printf_hex_int.o
       178          0          0          0          0         88   _printf_intcommon.o
         0          0          0          0          0          0   _printf_percent.o
         4          0          0          0          0          0   _printf_percent_end.o
         6          0          0          0          0          0   _printf_s.o
        82          0          0          0          0         80   _printf_str.o
         6          0          0          0          0          0   _printf_x.o
        10          0          0          0          0         68   _sputc.o
        16          0          0          0          0         68   aeabi_memset.o
        18          0          0          0          0         80   exit.o
         8          0          0          0          0         68   ferror.o
         6          0          0          0          0        152   heapauxi.o
         2          0          0          0          0          0   libinit.o
         6          0          0          0          0          0   libinit2.o
         2          0          0          0          0          0   libshutdown.o
         2          0          0          0          0          0   libshutdown2.o
         8          4          0          0         96         68   libspace.o
        24          4          0          0          0         84   noretval__2printf.o
        40          6          0          0          0         84   noretval__2sprintf.o
        68          0          0          0          0         68   rt_memclr.o
        78          0          0          0          0         80   rt_memclr_w.o
       138          0          0          0          0         68   rt_memcpy_v6.o
       100          0          0          0          0         80   rt_memcpy_w.o
         2          0          0          0          0          0   rtexit.o
        10          0          0          0          0          0   rtexit2.o
        74          0          0          0          0         80   sys_stackheap_outer.o
         2          0          0          0          0         68   use_no_semi.o
         2          0          0          0          0         68   use_no_semi_2.o
        90          4          0          0          0        140   dfixu.o
        38          0          0          0          0        116   dflt_clz.o
       340         12          0          0          0        152   dmul.o
       156          4          0          0          0        140   dnaninf.o
        12          0          0          0          0        116   dretinf.o
        10          0          0          0          0        116   fpinit.o
         0          0          0          0          0          0   usenofp.o

    ----------------------------------------------------------------------
      2190         72         40          0        100       2748   Library Totals
        10          0          0          0          4          0   (incl. Padding)

    ----------------------------------------------------------------------

      Code (inc. data)   RO Data    RW Data    ZI Data      Debug   Library Name

      1534         52         40          0         96       1968   c_w.l
       646         20          0          0          0        780   fz_wm.l

    ----------------------------------------------------------------------
      2190         72         40          0        100       2748   Library Totals

    ----------------------------------------------------------------------

==============================================================================


      Code (inc. data)   RO Data    RW Data    ZI Data      Debug   

     31150       2700       6582        304    1198112     450076   Grand Totals
     31150       2700       6582         92    1198112     450076   ELF Image Totals (compressed)
     31150       2700       6582         92          0          0   ROM Totals

==============================================================================

    Total RO  Size (Code + RO Data)                37732 (  36.85kB)
    Total RW  Size (RW Data + ZI Data)           1198416 (1170.33kB)
    Total ROM Size (Code + RO Data + RW Data)      37824 (  36.94kB)

==============================================================================

